This is XeTeX, Version 3.141592653-2.6-0.999997 (TeX Live 2025) (preloaded format=xelatex 2025.10.16)  10 SEP 2026 12:06
entering extended mode
 restricted \write18 enabled.
 %&-line parsing enabled.
**document_maitre.tex
(./document_maitre.tex
LaTeX2e <2025-06-01> patch level 1
L3 programming layer <2025-09-02>
(/usr/local/texlive/2025/texmf-dist/tex/latex/base/book.cls
Document Class: book 2025/01/22 v1.4n Standard LaTeX document class
(/usr/local/texlive/2025/texmf-dist/tex/latex/base/bk12.clo
File: bk12.clo 2025/01/22 v1.4n Standard LaTeX file (size option)
)
\c@part=\count271
\c@chapter=\count272
\c@section=\count273
\c@subsection=\count274
\c@subsubsection=\count275
\c@paragraph=\count276
\c@subparagraph=\count277
\c@figure=\count278
\c@table=\count279
\abovecaptionskip=\skip49
\belowcaptionskip=\skip50
\bibindent=\dimen148
)
(/usr/local/texlive/2025/texmf-dist/tex/latex/fontspec/fontspec.sty
(/usr/local/texlive/2025/texmf-dist/tex/latex/l3packages/xparse/xparse.sty
(/usr/local/texlive/2025/texmf-dist/tex/latex/l3kernel/expl3.sty
Package: expl3 2025-09-02 L3 programming layer (loader) 

(/usr/local/texlive/2025/texmf-dist/tex/latex/l3backend/l3backend-xetex.def
File: l3backend-xetex.def 2025-06-09 L3 backend support: XeTeX
\g__graphics_track_int=\count280
\g__pdfannot_backend_int=\count281
\g__pdfannot_backend_link_int=\count282
))
Package: xparse 2024-08-16 L3 Experimental document command parser
)
Package: fontspec 2025/09/29 v2.9g Font selection for XeLaTeX and LuaLaTeX

(/usr/local/texlive/2025/texmf-dist/tex/latex/fontspec/fontspec-xetex.sty
Package: fontspec-xetex 2025/09/29 v2.9g Font selection for XeLaTeX and LuaLaTe
X
\l__fontspec_script_int=\count283
\l__fontspec_language_int=\count284
\l__fontspec_strnum_int=\count285
\l__fontspec_tmp_int=\count286
\l__fontspec_tmpa_int=\count287
\l__fontspec_tmpb_int=\count288
\l__fontspec_tmpc_int=\count289
\l__fontspec_em_int=\count290
\l__fontspec_emdef_int=\count291
\l__fontspec_strong_int=\count292
\l__fontspec_strongdef_int=\count293
\l__fontspec_tmpa_dim=\dimen149
\l__fontspec_tmpb_dim=\dimen150
\l__fontspec_tmpc_dim=\dimen151

(/usr/local/texlive/2025/texmf-dist/tex/latex/base/fontenc.sty
Package: fontenc 2024/12/21 v2.1c Standard LaTeX package
)
(/usr/local/texlive/2025/texmf-dist/tex/latex/fontspec/fontspec.cfg)))
(/usr/local/texlive/2025/texmf-dist/tex/xelatex/xunicode/xunicode.sty
File: xunicode.sty 2011/09/09 v0.981 provides access to latin accents and many 
other characters in Unicode lower plane

(/usr/local/texlive/2025/texmf-dist/tex/latex/tipa/t3enc.def
File: t3enc.def 2001/12/31 T3 encoding
)
\tipaTiiicode=\count294
\tipasavetokens=\toks17
\tipachecktokens=\toks18
LaTeX Encoding Info:    Redeclaring text command \nobreakspace (encoding TU) on
 input line 1725.
LaTeX Encoding Info:    Redeclaring text command \copyright (encoding TU) on in
put line 1739.
LaTeX Encoding Info:    Redeclaring text command \AA (encoding TU) on input lin
e 1785.
LaTeX Encoding Info:    Redeclaring text command \aa (encoding TU) on input lin
e 1842.

(/usr/local/texlive/2025/texmf-dist/tex/latex/graphics/graphicx.sty
Package: graphicx 2024/12/31 v1.2e Enhanced LaTeX Graphics (DPC,SPQR)

(/usr/local/texlive/2025/texmf-dist/tex/latex/graphics/keyval.sty
Package: keyval 2022/05/29 v1.15 key=value parser (DPC)
\KV@toks@=\toks19
)
(/usr/local/texlive/2025/texmf-dist/tex/latex/graphics/graphics.sty
Package: graphics 2024/08/06 v1.4g Standard LaTeX Graphics (DPC,SPQR)

(/usr/local/texlive/2025/texmf-dist/tex/latex/graphics/trig.sty
Package: trig 2023/12/02 v1.11 sin cos tan (DPC)
)
(/usr/local/texlive/2025/texmf-dist/tex/latex/graphics-cfg/graphics.cfg
File: graphics.cfg 2016/06/04 v1.11 sample graphics configuration
)
Package graphics Info: Driver file: xetex.def on input line 106.

(/usr/local/texlive/2025/texmf-dist/tex/latex/graphics-def/xetex.def
File: xetex.def 2025/09/29 v5.0o Graphics/color driver for xetex
))
\Gin@req@height=\dimen152
\Gin@req@width=\dimen153
)
LaTeX Encoding Info:    Redeclaring text command \textrhookopeno (encoding TU) 
on input line 3119.
LaTeX Encoding Info:    Redeclaring text command \hbar (encoding TU) on input l
ine 3636.
LaTeX Encoding Info:    Redeclaring text command \textaolig (encoding TU) on in
put line 3729.
)
(/usr/local/texlive/2025/texmf-dist/tex/latex/polyglossia/polyglossia.sty
Package: polyglossia 2025/09/22 v2.8 Modern multilingual typesetting with XeLaT
eX and LuaLaTeX

(/usr/local/texlive/2025/texmf-dist/tex/latex/etoolbox/etoolbox.sty
Package: etoolbox 2025/10/02 v2.5m e-TeX tools for LaTeX (JAW)
\etb@tempcnta=\count295
)
(/usr/local/texlive/2025/texmf-dist/tex/generic/iftex/iftex.sty
Package: iftex 2024/12/12 v1.0g TeX engine tests
)
\l_xpg_alias_keyvals_int=\count296

(/usr/local/texlive/2025/texmf-dist/tex/latex/polyglossia/gloss-latex.ldf
File: gloss-latex.ldf polyglossia: module for default language
))
(/usr/local/texlive/2025/texmf-dist/tex/latex/polyglossia/gloss-french.ldf
File: gloss-french.ldf polyglossia: module for French
\french@openbrackets=\XeTeXcharclass1
\french@closebrackets=\XeTeXcharclass2
\french@questionexclamation=\XeTeXcharclass3
\french@punctthin=\XeTeXcharclass4
\french@punctthick=\XeTeXcharclass5
\french@punctguillstart=\XeTeXcharclass6
\french@punctguillend=\XeTeXcharclass7
)

Package polyglossia Info: Default language is french


(/usr/local/texlive/2025/texmf-dist/tex/latex/polyglossia/gloss-english.ldf
File: gloss-english.ldf polyglossia: module for English
)
(/usr/local/texlive/2025/texmf-dist/tex/latex/csquotes/csquotes.sty
Package: csquotes 2024-04-04 v5.2o context-sensitive quotations (JAW)
\csq@reset=\count297
\csq@gtype=\count298
\csq@glevel=\count299
\csq@qlevel=\count300
\csq@maxlvl=\count301
\csq@tshold=\count302
\csq@ltx@everypar=\toks20

(/usr/local/texlive/2025/texmf-dist/tex/latex/csquotes/csquotes.def
File: csquotes.def 2024-04-04 v5.2o csquotes generic definitions (JAW)
)
Package csquotes Info: Trying to load configuration file 'csquotes.cfg'...
Package csquotes Info: ... configuration file loaded successfully.

(/usr/local/texlive/2025/texmf-dist/tex/latex/csquotes/csquotes.cfg
File: csquotes.cfg 
))
(/usr/local/texlive/2025/texmf-dist/tex/latex/lettrine/lettrine.sty
File: lettrine.sty 2025-01-30 v2.80 (Daniel Flipo)

(/usr/local/texlive/2025/texmf-dist/tex/latex/l3packages/xfp/xfp.sty
Package: xfp 2024-08-16 L3 Floating point unit
)
\c@DefaultLines=\count303
\c@DefaultDepth=\count304
\DefaultFindent=\dimen154
\DefaultNindent=\dimen155
\DefaultSlope=\dimen156
\DiscardVskip=\dimen157
\L@lettrine=\box53
\L@lbox=\box54
\L@tbox=\box55
\c@L@lines=\count305
\c@L@depth=\count306
\L@Pindent=\dimen158
\L@Findent=\dimen159
\L@Nindent=\dimen160
\L@lraise=\dimen161
\L@first=\dimen162
\L@next=\dimen163
\L@slope=\dimen164
\L@height=\dimen165
\L@novskip=\dimen166
\L@target@ht=\dimen167
\L@target@dp=\dimen168
\L@target@tht=\dimen169
\LettrineWidth=\dimen170
\LettrineHeight=\dimen171
\LettrineDepth=\dimen172
\L@finalht=\dimen173
\L@finaldp=\dimen174

Loading lettrine.cfg
(/usr/local/texlive/2025/texmf-dist/tex/latex/lettrine/lettrine.cfg)
\Lettrine@tweaks=\toks21
\Llist@everypar=\toks22
)
(/usr/local/texlive/2025/texmf-dist/tex/latex/biblatex/biblatex.sty
Package: biblatex 2025/07/10 v3.21 programmable bibliographies (PK/MW)

(/usr/local/texlive/2025/texmf-dist/tex/generic/pdftexcmds/pdftexcmds.sty
Package: pdftexcmds 2020-06-27 v0.33 Utility functions of pdfTeX for LuaTeX (HO
)

(/usr/local/texlive/2025/texmf-dist/tex/generic/infwarerr/infwarerr.sty
Package: infwarerr 2019/12/03 v1.5 Providing info/warning/error messages (HO)
)
(/usr/local/texlive/2025/texmf-dist/tex/generic/ltxcmds/ltxcmds.sty
Package: ltxcmds 2023-12-04 v1.26 LaTeX kernel commands for general use (HO)
)
Package pdftexcmds Info: \pdf@primitive is available.
Package pdftexcmds Info: \pdf@ifprimitive is available.
Package pdftexcmds Info: \pdfdraftmode not found.
)
(/usr/local/texlive/2025/texmf-dist/tex/latex/kvoptions/kvoptions.sty
Package: kvoptions 2022-06-15 v3.15 Key value format for package options (HO)

(/usr/local/texlive/2025/texmf-dist/tex/latex/kvsetkeys/kvsetkeys.sty
Package: kvsetkeys 2022-10-05 v1.19 Key value parser (HO)
))
(/usr/local/texlive/2025/texmf-dist/tex/latex/logreq/logreq.sty
Package: logreq 2010/08/04 v1.0 xml request logger
\lrq@indent=\count307

(/usr/local/texlive/2025/texmf-dist/tex/latex/logreq/logreq.def
File: logreq.def 2010/08/04 v1.0 logreq spec v1.0
))
(/usr/local/texlive/2025/texmf-dist/tex/latex/base/ifthen.sty
Package: ifthen 2024/03/16 v1.1e Standard LaTeX ifthen package (DPC)
)
(/usr/local/texlive/2025/texmf-dist/tex/latex/url/url.sty
\Urlmuskip=\muskip17
Package: url 2013/09/16  ver 3.4  Verb mode for urls, etc.
)
\c@tabx@nest=\count308
\c@listtotal=\count309
\c@listcount=\count310
\c@liststart=\count311
\c@liststop=\count312
\c@citecount=\count313
\c@citetotal=\count314
\c@multicitecount=\count315
\c@multicitetotal=\count316
\c@instcount=\count317
\c@maxnames=\count318
\c@minnames=\count319
\c@maxitems=\count320
\c@minitems=\count321
\c@citecounter=\count322
\c@maxcitecounter=\count323
\c@savedcitecounter=\count324
\c@uniquelist=\count325
\c@uniquename=\count326
\c@refsection=\count327
\c@refsegment=\count328
\c@maxextratitle=\count329
\c@maxextratitleyear=\count330
\c@maxextraname=\count331
\c@maxextradate=\count332
\c@maxextraalpha=\count333
\c@abbrvpenalty=\count334
\c@highnamepenalty=\count335
\c@lownamepenalty=\count336
\c@maxparens=\count337
\c@parenlevel=\count338
\blx@tempcnta=\count339
\blx@tempcntb=\count340
\blx@tempcntc=\count341
\c@blx@maxsection=\count342
\blx@maxsegment@0=\count343
\blx@notetype=\count344
\blx@parenlevel@text=\count345
\blx@parenlevel@foot=\count346
\blx@sectionciteorder@0=\count347
\blx@sectionciteorderinternal@0=\count348
\blx@entrysetcounter=\count349
\blx@biblioinstance=\count350
\labelnumberwidth=\skip51
\labelalphawidth=\skip52
\biblabelsep=\skip53
\bibitemsep=\skip54
\bibnamesep=\skip55
\bibinitsep=\skip56
\bibparsep=\skip57
\bibhang=\skip58
\blx@bcfin=\read2
\blx@bcfout=\write3
\blx@langwohyphens=\language90
\c@mincomprange=\count351
\c@maxcomprange=\count352
\c@mincompwidth=\count353
Package biblatex Info: Trying to load biblatex default data model...
Package biblatex Info: ... file 'blx-dm.def' found.

(/usr/local/texlive/2025/texmf-dist/tex/latex/biblatex/blx-dm.def
File: blx-dm.def 2025/07/10 v3.21 biblatex datamodel (PK/MW)
)
Package biblatex Info: Trying to load biblatex style data model...
Package biblatex Info: ... file 'enc.dbx' not found.
Package biblatex Info: Trying to load biblatex custom data model...
Package biblatex Info: ... file 'biblatex-dm.cfg' not found.
\c@afterword=\count354
\c@savedafterword=\count355
\c@annotator=\count356
\c@savedannotator=\count357
\c@author=\count358
\c@savedauthor=\count359
\c@bookauthor=\count360
\c@savedbookauthor=\count361
\c@commentator=\count362
\c@savedcommentator=\count363
\c@editor=\count364
\c@savededitor=\count365
\c@editora=\count366
\c@savededitora=\count367
\c@editorb=\count368
\c@savededitorb=\count369
\c@editorc=\count370
\c@savededitorc=\count371
\c@foreword=\count372
\c@savedforeword=\count373
\c@holder=\count374
\c@savedholder=\count375
\c@introduction=\count376
\c@savedintroduction=\count377
\c@namea=\count378
\c@savednamea=\count379
\c@nameb=\count380
\c@savednameb=\count381
\c@namec=\count382
\c@savednamec=\count383
\c@translator=\count384
\c@savedtranslator=\count385
\c@shortauthor=\count386
\c@savedshortauthor=\count387
\c@shorteditor=\count388
\c@savedshorteditor=\count389
\c@labelname=\count390
\c@savedlabelname=\count391
\c@institution=\count392
\c@savedinstitution=\count393
\c@lista=\count394
\c@savedlista=\count395
\c@listb=\count396
\c@savedlistb=\count397
\c@listc=\count398
\c@savedlistc=\count399
\c@listd=\count400
\c@savedlistd=\count401
\c@liste=\count402
\c@savedliste=\count403
\c@listf=\count404
\c@savedlistf=\count405
\c@location=\count406
\c@savedlocation=\count407
\c@organization=\count408
\c@savedorganization=\count409
\c@origlocation=\count410
\c@savedoriglocation=\count411
\c@origpublisher=\count412
\c@savedorigpublisher=\count413
\c@publisher=\count414
\c@savedpublisher=\count415
\c@language=\count416
\c@savedlanguage=\count417
\c@origlanguage=\count418
\c@savedoriglanguage=\count419
\c@pageref=\count420
\c@savedpageref=\count421
\shorthandwidth=\skip59
\shortjournalwidth=\skip60
\shortserieswidth=\skip61
\shorttitlewidth=\skip62
\shortauthorwidth=\skip63
\shorteditorwidth=\skip64
\locallabelnumberwidth=\skip65
\locallabelalphawidth=\skip66
\localshorthandwidth=\skip67
\localshortjournalwidth=\skip68
\localshortserieswidth=\skip69
\localshorttitlewidth=\skip70
\localshortauthorwidth=\skip71
\localshorteditorwidth=\skip72
Package biblatex Info: Trying to load enhanced support for Unicode engines...
Package biblatex Info: ... file 'blx-unicode.def' found.

(/usr/local/texlive/2025/texmf-dist/tex/latex/biblatex/blx-unicode.def)
Package biblatex Info: Trying to load compatibility code...
Package biblatex Info: ... file 'blx-compat.def' found.

(/usr/local/texlive/2025/texmf-dist/tex/latex/biblatex/blx-compat.def
File: blx-compat.def 2025/07/10 v3.21 biblatex compatibility (PK/MW)
)
Package biblatex Info: Trying to load generic definitions...
Package biblatex Info: ... file 'biblatex.def' found.

(/usr/local/texlive/2025/texmf-dist/tex/latex/biblatex/biblatex.def
File: biblatex.def 2025/07/10 v3.21 biblatex compatibility (PK/MW)
\c@textcitecount=\count422
\c@textcitetotal=\count423
\c@textcitemaxnames=\count424
\c@biburlbigbreakpenalty=\count425
\c@biburlbreakpenalty=\count426
\c@biburlnumpenalty=\count427
\c@biburlucpenalty=\count428
\c@biburllcpenalty=\count429
\biburlbigskip=\muskip18
\biburlnumskip=\muskip19
\biburlucskip=\muskip20
\biburllcskip=\muskip21
\c@smartand=\count430
)
Package biblatex Info: Trying to load bibliography style 'enc'...
Package biblatex Info: ... file 'enc.bbx' found.

(/usr/local/texlive/2025/texmf-dist/tex/latex/biblatex-enc/enc.bbx
File: enc.bbx 
)
Package biblatex Info: Trying to load citation style 'enc'...
Package biblatex Info: ... file 'enc.cbx' found.

(/usr/local/texlive/2025/texmf-dist/tex/latex/biblatex-enc/enc.cbx
File: enc.cbx 
Package biblatex Info: Redefining '\cite'.
Package biblatex Info: Redefining '\textcite'.
Package biblatex Info: Redefining '\parencite'.
Package biblatex Info: Redefining '\footcite'.
Package biblatex Info: Redefining '\smartcites'.
Package biblatex Info: Redefining '\smartcite'.
)
Package biblatex Info: Trying to load configuration file...
Package biblatex Info: ... file 'biblatex.cfg' found.

(/usr/local/texlive/2025/texmf-dist/tex/latex/biblatex/biblatex.cfg
File: biblatex.cfg 
)
Package biblatex Info: XeTeX detected.
(biblatex)             Assuming input encoding 'utf8'.
Package biblatex Info: Document encoding is UTF8 ....
Package biblatex Info: ... and expl3
(biblatex)             2025-09-02 L3 programming layer (loader) 
(biblatex)             is new enough (at least 2020/04/06),
(biblatex)             setting 'casechanger=expl3'.

(/usr/local/texlive/2025/texmf-dist/tex/latex/biblatex/blx-case-expl3.sty
Package: blx-case-expl3 2025/07/10 v3.21 expl3 case changing code for biblatex
))
(/usr/local/texlive/2025/texmf-dist/tex/latex/imakeidx/imakeidx.sty
Package: imakeidx 2016/10/15 v1.3e Package for typesetting indices in a synchro
nous mode

(/usr/local/texlive/2025/texmf-dist/tex/latex/xkeyval/xkeyval.sty
Package: xkeyval 2022/06/16 v2.9 package option processing (HA)

(/usr/local/texlive/2025/texmf-dist/tex/generic/xkeyval/xkeyval.tex
(/usr/local/texlive/2025/texmf-dist/tex/generic/xkeyval/xkvutils.tex
\XKV@toks=\toks23
\XKV@tempa@toks=\toks24
)
\XKV@depth=\count431
File: xkeyval.tex 2014/12/03 v2.7a key=value parser (HA)
))
(/usr/local/texlive/2025/texmf-dist/tex/generic/iftex/ifxetex.sty
Package: ifxetex 2019/10/25 v0.7 ifxetex legacy package. Use iftex instead.
)
(/usr/local/texlive/2025/texmf-dist/tex/generic/iftex/ifluatex.sty
Package: ifluatex 2019/10/25 v1.5 ifluatex legacy package. Use iftex instead.
)
(/usr/local/texlive/2025/texmf-dist/tex/latex/tools/multicol.sty
Package: multicol 2025/05/25 v2.0a multicolumn formatting (FMi)
\c@tracingmulticols=\count432
\mult@box=\box56
\multicol@leftmargin=\dimen175
\c@unbalance=\count433
\c@collectmore=\count434
\doublecol@number=\count435
\multicoltolerance=\count436
\multicolpretolerance=\count437
\full@width=\dimen176
\page@free=\dimen177
\premulticols=\dimen178
\postmulticols=\dimen179
\multicolsep=\skip73
\multicolbaselineskip=\skip74
\partial@page=\box57
\last@line=\box58
\mc@boxedresult=\box59
\maxbalancingoverflow=\dimen180
\mult@rightbox=\box60
\mult@grightbox=\box61
\mult@firstbox=\box62
\mult@gfirstbox=\box63
\@tempa=\box64
\@tempa=\box65
\@tempa=\box66
\@tempa=\box67
\@tempa=\box68
\@tempa=\box69
\@tempa=\box70
\@tempa=\box71
\@tempa=\box72
\@tempa=\box73
\@tempa=\box74
\@tempa=\box75
\@tempa=\box76
\@tempa=\box77
\@tempa=\box78
\@tempa=\box79
\@tempa=\box80
\@tempa=\box81
\@tempa=\box82
\@tempa=\box83
\@tempa=\box84
\@tempa=\box85
\@tempa=\box86
\@tempa=\box87
\@tempa=\box88
\@tempa=\box89
\@tempa=\box90
\@tempa=\box91
\@tempa=\box92
\@tempa=\box93
\@tempa=\box94
\@tempa=\box95
\@tempa=\box96
\@tempa=\box97
\@tempa=\box98
\@tempa=\box99
\c@minrows=\count438
\c@columnbadness=\count439
\c@finalcolumnbadness=\count440
\last@try=\dimen181
\multicolovershoot=\dimen182
\multicolundershoot=\dimen183
\mult@nat@firstbox=\box100
\colbreak@box=\box101
\mc@col@check@num=\count441
\g__mc_curr_col_int=\count442
))
\document_maitre@idxfile=\write4
\openout4 = `document_maitre.idx'.


Writing index file document_maitre.idx
(/usr/local/texlive/2025/texmf-dist/tex/latex/caption/caption.sty
Package: caption 2023/08/05 v3.6o Customizing captions (AR)

(/usr/local/texlive/2025/texmf-dist/tex/latex/caption/caption3.sty
Package: caption3 2023/07/31 v2.4d caption3 kernel (AR)
\caption@tempdima=\dimen184
\captionmargin=\dimen185
\caption@leftmargin=\dimen186
\caption@rightmargin=\dimen187
\caption@width=\dimen188
\caption@indent=\dimen189
\caption@parindent=\dimen190
\caption@hangindent=\dimen191
Package caption Info: Standard document class detected.
)
\c@caption@flags=\count443
\c@continuedfloat=\count444
)
(/usr/local/texlive/2025/texmf-dist/tex/latex/float/float.sty
Package: float 2001/11/08 v1.3d Float enhancements (AL)
\c@float@type=\count445
\float@exts=\toks25
\float@box=\box102
\@float@everytoks=\toks26
\@floatcapt=\box103
)
(/usr/local/texlive/2025/texmf-dist/tex/latex/tools/tabularx.sty
Package: tabularx 2023/12/11 v2.12a `tabularx' package (DPC)

(/usr/local/texlive/2025/texmf-dist/tex/latex/tools/array.sty
Package: array 2025/06/08 v2.6j Tabular extension package (FMi)
\col@sep=\dimen192
\ar@mcellbox=\box104
\extrarowheight=\dimen193
\NC@list=\toks27
\extratabsurround=\skip75
\backup@length=\skip76
\ar@cellbox=\box105
)
\TX@col@width=\dimen194
\TX@old@table=\dimen195
\TX@old@col=\dimen196
\TX@target=\dimen197
\TX@delta=\dimen198
\TX@cols=\count446
\TX@ftn=\toks28
)
(/usr/local/texlive/2025/texmf-dist/tex/latex/booktabs/booktabs.sty
Package: booktabs 2020/01/12 v1.61803398 Publication quality tables
\heavyrulewidth=\dimen199
\lightrulewidth=\dimen256
\cmidrulewidth=\dimen257
\belowrulesep=\dimen258
\belowbottomsep=\dimen259
\aboverulesep=\dimen260
\abovetopsep=\dimen261
\cmidrulesep=\dimen262
\cmidrulekern=\dimen263
\defaultaddspace=\dimen264
\@cmidla=\count447
\@cmidlb=\count448
\@aboverulesep=\dimen265
\@belowrulesep=\dimen266
\@thisruleclass=\count449
\@lastruleclass=\count450
\@thisrulewidth=\dimen267
)
(/usr/local/texlive/2025/texmf-dist/tex/latex/pgf/frontendlayer/tikz.sty
(/usr/local/texlive/2025/texmf-dist/tex/latex/pgf/basiclayer/pgf.sty
(/usr/local/texlive/2025/texmf-dist/tex/latex/pgf/utilities/pgfrcs.sty
(/usr/local/texlive/2025/texmf-dist/tex/generic/pgf/utilities/pgfutil-common.te
x
\pgfutil@everybye=\toks29
\pgfutil@tempdima=\dimen268
\pgfutil@tempdimb=\dimen269
)
(/usr/local/texlive/2025/texmf-dist/tex/generic/pgf/utilities/pgfutil-latex.def
\pgfutil@abb=\box106
) (/usr/local/texlive/2025/texmf-dist/tex/generic/pgf/utilities/pgfrcs.code.tex
(/usr/local/texlive/2025/texmf-dist/tex/generic/pgf/pgf.revision.tex)
Package: pgfrcs 2025-08-29 v3.1.11a (3.1.11a)
))
Package: pgf 2025-08-29 v3.1.11a (3.1.11a)

(/usr/local/texlive/2025/texmf-dist/tex/latex/pgf/basiclayer/pgfcore.sty
(/usr/local/texlive/2025/texmf-dist/tex/latex/pgf/systemlayer/pgfsys.sty
(/usr/local/texlive/2025/texmf-dist/tex/generic/pgf/systemlayer/pgfsys.code.tex
Package: pgfsys 2025-08-29 v3.1.11a (3.1.11a)
(/usr/local/texlive/2025/texmf-dist/tex/generic/pgf/utilities/pgfkeys.code.tex
\pgfkeys@pathtoks=\toks30
\pgfkeys@temptoks=\toks31

(/usr/local/texlive/2025/texmf-dist/tex/generic/pgf/utilities/pgfkeyslibraryfil
tered.code.tex
\pgfkeys@tmptoks=\toks32
))
\pgf@x=\dimen270
\pgf@y=\dimen271
\pgf@xa=\dimen272
\pgf@ya=\dimen273
\pgf@xb=\dimen274
\pgf@yb=\dimen275
\pgf@xc=\dimen276
\pgf@yc=\dimen277
\pgf@xd=\dimen278
\pgf@yd=\dimen279
\w@pgf@writea=\write5
\r@pgf@reada=\read3
\c@pgf@counta=\count451
\c@pgf@countb=\count452
\c@pgf@countc=\count453
\c@pgf@countd=\count454
\t@pgf@toka=\toks33
\t@pgf@tokb=\toks34
\t@pgf@tokc=\toks35
\pgf@sys@id@count=\count455

(/usr/local/texlive/2025/texmf-dist/tex/generic/pgf/systemlayer/pgf.cfg
File: pgf.cfg 2025-08-29 v3.1.11a (3.1.11a)
)
Driver file for pgf: pgfsys-xetex.def

(/usr/local/texlive/2025/texmf-dist/tex/generic/pgf/systemlayer/pgfsys-xetex.de
f
File: pgfsys-xetex.def 2025-08-29 v3.1.11a (3.1.11a)

(/usr/local/texlive/2025/texmf-dist/tex/generic/pgf/systemlayer/pgfsys-dvipdfmx
.def
File: pgfsys-dvipdfmx.def 2025-08-29 v3.1.11a (3.1.11a)

(/usr/local/texlive/2025/texmf-dist/tex/generic/pgf/systemlayer/pgfsys-common-p
df.def
File: pgfsys-common-pdf.def 2025-08-29 v3.1.11a (3.1.11a)
)
\pgfsys@objnum=\count456
)))
(/usr/local/texlive/2025/texmf-dist/tex/generic/pgf/systemlayer/pgfsyssoftpath.
code.tex
File: pgfsyssoftpath.code.tex 2025-08-29 v3.1.11a (3.1.11a)
\pgfsyssoftpath@smallbuffer@items=\count457
\pgfsyssoftpath@bigbuffer@items=\count458
)
(/usr/local/texlive/2025/texmf-dist/tex/generic/pgf/systemlayer/pgfsysprotocol.
code.tex
File: pgfsysprotocol.code.tex 2025-08-29 v3.1.11a (3.1.11a)
)) (/usr/local/texlive/2025/texmf-dist/tex/latex/xcolor/xcolor.sty
Package: xcolor 2024/09/29 v3.02 LaTeX color extensions (UK)

(/usr/local/texlive/2025/texmf-dist/tex/latex/graphics-cfg/color.cfg
File: color.cfg 2016/01/02 v1.6 sample color configuration
)
Package xcolor Info: Driver file: xetex.def on input line 274.

(/usr/local/texlive/2025/texmf-dist/tex/latex/graphics/mathcolor.ltx)
Package xcolor Info: Model `cmy' substituted by `cmy0' on input line 1349.
Package xcolor Info: Model `RGB' extended on input line 1365.
Package xcolor Info: Model `HTML' substituted by `rgb' on input line 1367.
Package xcolor Info: Model `Hsb' substituted by `hsb' on input line 1368.
Package xcolor Info: Model `tHsb' substituted by `hsb' on input line 1369.
Package xcolor Info: Model `HSB' substituted by `hsb' on input line 1370.
Package xcolor Info: Model `Gray' substituted by `gray' on input line 1371.
Package xcolor Info: Model `wave' substituted by `hsb' on input line 1372.
)
(/usr/local/texlive/2025/texmf-dist/tex/generic/pgf/basiclayer/pgfcore.code.tex
Package: pgfcore 2025-08-29 v3.1.11a (3.1.11a)
(/usr/local/texlive/2025/texmf-dist/tex/generic/pgf/math/pgfmath.code.tex
(/usr/local/texlive/2025/texmf-dist/tex/generic/pgf/math/pgfmathutil.code.tex)
(/usr/local/texlive/2025/texmf-dist/tex/generic/pgf/math/pgfmathparser.code.tex
\pgfmath@dimen=\dimen280
\pgfmath@count=\count459
\pgfmath@box=\box107
\pgfmath@toks=\toks36
\pgfmath@stack@operand=\toks37
\pgfmath@stack@operation=\toks38
)
(/usr/local/texlive/2025/texmf-dist/tex/generic/pgf/math/pgfmathfunctions.code.
tex)
(/usr/local/texlive/2025/texmf-dist/tex/generic/pgf/math/pgfmathfunctions.basic
.code.tex)
(/usr/local/texlive/2025/texmf-dist/tex/generic/pgf/math/pgfmathfunctions.trigo
nometric.code.tex)
(/usr/local/texlive/2025/texmf-dist/tex/generic/pgf/math/pgfmathfunctions.rando
m.code.tex)
(/usr/local/texlive/2025/texmf-dist/tex/generic/pgf/math/pgfmathfunctions.compa
rison.code.tex)
(/usr/local/texlive/2025/texmf-dist/tex/generic/pgf/math/pgfmathfunctions.base.
code.tex)
(/usr/local/texlive/2025/texmf-dist/tex/generic/pgf/math/pgfmathfunctions.round
.code.tex)
(/usr/local/texlive/2025/texmf-dist/tex/generic/pgf/math/pgfmathfunctions.misc.
code.tex)
(/usr/local/texlive/2025/texmf-dist/tex/generic/pgf/math/pgfmathfunctions.integ
erarithmetics.code.tex)
(/usr/local/texlive/2025/texmf-dist/tex/generic/pgf/math/pgfmathcalc.code.tex)
(/usr/local/texlive/2025/texmf-dist/tex/generic/pgf/math/pgfmathfloat.code.tex
\c@pgfmathroundto@lastzeros=\count460
)) (/usr/local/texlive/2025/texmf-dist/tex/generic/pgf/math/pgfint.code.tex)
(/usr/local/texlive/2025/texmf-dist/tex/generic/pgf/basiclayer/pgfcorepoints.co
de.tex
File: pgfcorepoints.code.tex 2025-08-29 v3.1.11a (3.1.11a)
\pgf@picminx=\dimen281
\pgf@picmaxx=\dimen282
\pgf@picminy=\dimen283
\pgf@picmaxy=\dimen284
\pgf@pathminx=\dimen285
\pgf@pathmaxx=\dimen286
\pgf@pathminy=\dimen287
\pgf@pathmaxy=\dimen288
\pgf@xx=\dimen289
\pgf@xy=\dimen290
\pgf@yx=\dimen291
\pgf@yy=\dimen292
\pgf@zx=\dimen293
\pgf@zy=\dimen294
)
(/usr/local/texlive/2025/texmf-dist/tex/generic/pgf/basiclayer/pgfcorepathconst
ruct.code.tex
File: pgfcorepathconstruct.code.tex 2025-08-29 v3.1.11a (3.1.11a)
\pgf@path@lastx=\dimen295
\pgf@path@lasty=\dimen296
)
(/usr/local/texlive/2025/texmf-dist/tex/generic/pgf/basiclayer/pgfcorepathusage
.code.tex
File: pgfcorepathusage.code.tex 2025-08-29 v3.1.11a (3.1.11a)
\pgf@shorten@end@additional=\dimen297
\pgf@shorten@start@additional=\dimen298
)
(/usr/local/texlive/2025/texmf-dist/tex/generic/pgf/basiclayer/pgfcorescopes.co
de.tex
File: pgfcorescopes.code.tex 2025-08-29 v3.1.11a (3.1.11a)
\pgfpic=\box108
\pgf@hbox=\box109
\pgf@layerbox@main=\box110
\pgf@picture@serial@count=\count461
)
(/usr/local/texlive/2025/texmf-dist/tex/generic/pgf/basiclayer/pgfcoregraphicst
ate.code.tex
File: pgfcoregraphicstate.code.tex 2025-08-29 v3.1.11a (3.1.11a)
\pgflinewidth=\dimen299
)
(/usr/local/texlive/2025/texmf-dist/tex/generic/pgf/basiclayer/pgfcoretransform
ations.code.tex
File: pgfcoretransformations.code.tex 2025-08-29 v3.1.11a (3.1.11a)
\pgf@pt@x=\dimen300
\pgf@pt@y=\dimen301
\pgf@pt@temp=\dimen302
)
(/usr/local/texlive/2025/texmf-dist/tex/generic/pgf/basiclayer/pgfcorequick.cod
e.tex
File: pgfcorequick.code.tex 2025-08-29 v3.1.11a (3.1.11a)
)
(/usr/local/texlive/2025/texmf-dist/tex/generic/pgf/basiclayer/pgfcoreobjects.c
ode.tex
File: pgfcoreobjects.code.tex 2025-08-29 v3.1.11a (3.1.11a)
)
(/usr/local/texlive/2025/texmf-dist/tex/generic/pgf/basiclayer/pgfcorepathproce
ssing.code.tex
File: pgfcorepathprocessing.code.tex 2025-08-29 v3.1.11a (3.1.11a)
)
(/usr/local/texlive/2025/texmf-dist/tex/generic/pgf/basiclayer/pgfcorearrows.co
de.tex
File: pgfcorearrows.code.tex 2025-08-29 v3.1.11a (3.1.11a)
\pgfarrowsep=\dimen303
)
(/usr/local/texlive/2025/texmf-dist/tex/generic/pgf/basiclayer/pgfcoreshade.cod
e.tex
File: pgfcoreshade.code.tex 2025-08-29 v3.1.11a (3.1.11a)
\pgf@max=\dimen304
\pgf@sys@shading@range@num=\count462
\pgf@shadingcount=\count463
)
(/usr/local/texlive/2025/texmf-dist/tex/generic/pgf/basiclayer/pgfcoreimage.cod
e.tex
File: pgfcoreimage.code.tex 2025-08-29 v3.1.11a (3.1.11a)
)
(/usr/local/texlive/2025/texmf-dist/tex/generic/pgf/basiclayer/pgfcoreexternal.
code.tex
File: pgfcoreexternal.code.tex 2025-08-29 v3.1.11a (3.1.11a)
\pgfexternal@startupbox=\box111
)
(/usr/local/texlive/2025/texmf-dist/tex/generic/pgf/basiclayer/pgfcorelayers.co
de.tex
File: pgfcorelayers.code.tex 2025-08-29 v3.1.11a (3.1.11a)
)
(/usr/local/texlive/2025/texmf-dist/tex/generic/pgf/basiclayer/pgfcoretranspare
ncy.code.tex
File: pgfcoretransparency.code.tex 2025-08-29 v3.1.11a (3.1.11a)
)
(/usr/local/texlive/2025/texmf-dist/tex/generic/pgf/basiclayer/pgfcorepatterns.
code.tex
File: pgfcorepatterns.code.tex 2025-08-29 v3.1.11a (3.1.11a)
)
(/usr/local/texlive/2025/texmf-dist/tex/generic/pgf/basiclayer/pgfcorerdf.code.
tex
File: pgfcorerdf.code.tex 2025-08-29 v3.1.11a (3.1.11a)
)))
(/usr/local/texlive/2025/texmf-dist/tex/generic/pgf/modules/pgfmoduleshapes.cod
e.tex
File: pgfmoduleshapes.code.tex 2025-08-29 v3.1.11a (3.1.11a)
\pgfnodeparttextbox=\box112
)
(/usr/local/texlive/2025/texmf-dist/tex/generic/pgf/modules/pgfmoduleplot.code.
tex
File: pgfmoduleplot.code.tex 2025-08-29 v3.1.11a (3.1.11a)
)
(/usr/local/texlive/2025/texmf-dist/tex/latex/pgf/compatibility/pgfcomp-version
-0-65.sty
Package: pgfcomp-version-0-65 2025-08-29 v3.1.11a (3.1.11a)
\pgf@nodesepstart=\dimen305
\pgf@nodesepend=\dimen306
)
(/usr/local/texlive/2025/texmf-dist/tex/latex/pgf/compatibility/pgfcomp-version
-1-18.sty
Package: pgfcomp-version-1-18 2025-08-29 v3.1.11a (3.1.11a)
))
(/usr/local/texlive/2025/texmf-dist/tex/latex/pgf/utilities/pgffor.sty
(/usr/local/texlive/2025/texmf-dist/tex/latex/pgf/utilities/pgfkeys.sty
(/usr/local/texlive/2025/texmf-dist/tex/generic/pgf/utilities/pgfkeys.code.tex)
) (/usr/local/texlive/2025/texmf-dist/tex/latex/pgf/math/pgfmath.sty
(/usr/local/texlive/2025/texmf-dist/tex/generic/pgf/math/pgfmath.code.tex))
(/usr/local/texlive/2025/texmf-dist/tex/generic/pgf/utilities/pgffor.code.tex
Package: pgffor 2025-08-29 v3.1.11a (3.1.11a)
\pgffor@iter=\dimen307
\pgffor@skip=\dimen308
\pgffor@stack=\toks39
\pgffor@toks=\toks40
))
(/usr/local/texlive/2025/texmf-dist/tex/generic/pgf/frontendlayer/tikz/tikz.cod
e.tex
Package: tikz 2025-08-29 v3.1.11a (3.1.11a)

(/usr/local/texlive/2025/texmf-dist/tex/generic/pgf/libraries/pgflibraryplothan
dlers.code.tex
File: pgflibraryplothandlers.code.tex 2025-08-29 v3.1.11a (3.1.11a)
\pgf@plot@mark@count=\count464
\pgfplotmarksize=\dimen309
)
\tikz@lastx=\dimen310
\tikz@lasty=\dimen311
\tikz@lastxsaved=\dimen312
\tikz@lastysaved=\dimen313
\tikz@lastmovetox=\dimen314
\tikz@lastmovetoy=\dimen315
\tikzleveldistance=\dimen316
\tikzsiblingdistance=\dimen317
\tikz@figbox=\box113
\tikz@figbox@bg=\box114
\tikz@tempbox=\box115
\tikz@tempbox@bg=\box116
\tikztreelevel=\count465
\tikznumberofchildren=\count466
\tikznumberofcurrentchild=\count467
\tikz@fig@count=\count468

(/usr/local/texlive/2025/texmf-dist/tex/generic/pgf/modules/pgfmodulematrix.cod
e.tex
File: pgfmodulematrix.code.tex 2025-08-29 v3.1.11a (3.1.11a)
\pgfmatrixcurrentrow=\count469
\pgfmatrixcurrentcolumn=\count470
\pgf@matrix@numberofcolumns=\count471
)
\tikz@expandcount=\count472

(/usr/local/texlive/2025/texmf-dist/tex/generic/pgf/frontendlayer/tikz/librarie
s/tikzlibrarytopaths.code.tex
File: tikzlibrarytopaths.code.tex 2025-08-29 v3.1.11a (3.1.11a)
)))
(/usr/local/texlive/2025/texmf-dist/tex/generic/pgf/frontendlayer/tikz/librarie
s/tikzlibrarypositioning.code.tex
File: tikzlibrarypositioning.code.tex 2025-08-29 v3.1.11a (3.1.11a)
)
(/usr/local/texlive/2025/texmf-dist/tex/generic/pgf/libraries/pgflibraryarrows.
meta.code.tex
File: pgflibraryarrows.meta.code.tex 2025-08-29 v3.1.11a (3.1.11a)
\pgfarrowinset=\dimen318
\pgfarrowlength=\dimen319
\pgfarrowwidth=\dimen320
\pgfarrowlinewidth=\dimen321
)
(/usr/local/texlive/2025/texmf-dist/tex/generic/pgf/frontendlayer/tikz/librarie
s/tikzlibraryshapes.geometric.code.tex
File: tikzlibraryshapes.geometric.code.tex 2025-08-29 v3.1.11a (3.1.11a)

(/usr/local/texlive/2025/texmf-dist/tex/generic/pgf/libraries/shapes/pgflibrary
shapes.geometric.code.tex
File: pgflibraryshapes.geometric.code.tex 2025-08-29 v3.1.11a (3.1.11a)
))
(/usr/local/texlive/2025/texmf-dist/tex/generic/pgf/frontendlayer/tikz/librarie
s/tikzlibraryfit.code.tex
File: tikzlibraryfit.code.tex 2025-08-29 v3.1.11a (3.1.11a)
)
(/usr/local/texlive/2025/texmf-dist/tex/generic/pgf/frontendlayer/tikz/librarie
s/tikzlibraryshadows.code.tex
File: tikzlibraryshadows.code.tex 2025-08-29 v3.1.11a (3.1.11a)

(/usr/local/texlive/2025/texmf-dist/tex/generic/pgf/frontendlayer/tikz/librarie
s/tikzlibraryfadings.code.tex
File: tikzlibraryfadings.code.tex 2025-08-29 v3.1.11a (3.1.11a)

(/usr/local/texlive/2025/texmf-dist/tex/generic/pgf/libraries/pgflibraryfadings
.code.tex
File: pgflibraryfadings.code.tex 2025-08-29 v3.1.11a (3.1.11a)
)))
(/usr/local/texlive/2025/texmf-dist/tex/generic/pgf/frontendlayer/tikz/librarie
s/tikzlibrarycalc.code.tex
File: tikzlibrarycalc.code.tex 2025-08-29 v3.1.11a (3.1.11a)
)
(/usr/local/texlive/2025/texmf-dist/tex/latex/xurl/xurl.sty
Package: xurl 2022/01/09 v 0.10 modify URL breaks

xurl: Set penalties for biblatex
) (/usr/local/texlive/2025/texmf-dist/tex/latex/hyperref/nameref.sty
Package: nameref 2025-06-21 v2.57 Cross-referencing by name of section

(/usr/local/texlive/2025/texmf-dist/tex/latex/refcount/refcount.sty
Package: refcount 2019/12/15 v3.6 Data extraction from label references (HO)
)
(/usr/local/texlive/2025/texmf-dist/tex/generic/gettitlestring/gettitlestring.s
ty
Package: gettitlestring 2019/12/15 v1.6 Cleanup title references (HO)
)
\c@section@level=\count473
) (/usr/local/texlive/2025/texmf-dist/tex/latex/geometry/geometry.sty
Package: geometry 2020/01/02 v5.9 Page Geometry

(/usr/local/texlive/2025/texmf-dist/tex/generic/iftex/ifvtex.sty
Package: ifvtex 2019/10/25 v1.7 ifvtex legacy package. Use iftex instead.
)
\Gm@cnth=\count474
\Gm@cntv=\count475
\c@Gm@tempcnt=\count476
\Gm@bindingoffset=\dimen322
\Gm@wd@mp=\dimen323
\Gm@odd@mp=\dimen324
\Gm@even@mp=\dimen325
\Gm@layoutwidth=\dimen326
\Gm@layoutheight=\dimen327
\Gm@layouthoffset=\dimen328
\Gm@layoutvoffset=\dimen329
\Gm@dimlist=\toks41
)
(/usr/local/texlive/2025/texmf-dist/tex/latex/setspace/setspace.sty
Package: setspace 2022/12/04 v6.7b set line spacing
)
(/usr/local/texlive/2025/texmf-dist/tex/latex/fancyhdr/fancyhdr.sty
Package: fancyhdr 2025/02/07 v5.2 Extensive control of page headers and footers

\f@nch@headwidth=\skip77
\f@nch@offset@elh=\skip78
\f@nch@offset@erh=\skip79
\f@nch@offset@olh=\skip80
\f@nch@offset@orh=\skip81
\f@nch@offset@elf=\skip82
\f@nch@offset@erf=\skip83
\f@nch@offset@olf=\skip84
\f@nch@offset@orf=\skip85
\f@nch@height=\skip86
\f@nch@footalignment=\skip87
\f@nch@widthL=\skip88
\f@nch@widthC=\skip89
\f@nch@widthR=\skip90
\@temptokenb=\toks42
)
(/usr/local/texlive/2025/texmf-dist/tex/latex/hyperref/hyperref.sty
Package: hyperref 2025-07-12 v7.01o Hypertext links for LaTeX

(/usr/local/texlive/2025/texmf-dist/tex/generic/kvdefinekeys/kvdefinekeys.sty
Package: kvdefinekeys 2019-12-19 v1.6 Define keys (HO)
)
(/usr/local/texlive/2025/texmf-dist/tex/generic/pdfescape/pdfescape.sty
Package: pdfescape 2019/12/09 v1.15 Implements pdfTeX's escape features (HO)
)
(/usr/local/texlive/2025/texmf-dist/tex/latex/hycolor/hycolor.sty
Package: hycolor 2020-01-27 v1.10 Color options for hyperref/bookmark (HO)
)
(/usr/local/texlive/2025/texmf-dist/tex/generic/stringenc/stringenc.sty
Package: stringenc 2019/11/29 v1.12 Convert strings between diff. encodings (HO
)
)
\@linkdim=\dimen330
\Hy@linkcounter=\count477
\Hy@pagecounter=\count478

(/usr/local/texlive/2025/texmf-dist/tex/latex/hyperref/pd1enc.def
File: pd1enc.def 2025-07-12 v7.01o Hyperref: PDFDocEncoding definition (HO)
)
(/usr/local/texlive/2025/texmf-dist/tex/generic/intcalc/intcalc.sty
Package: intcalc 2019/12/15 v1.3 Expandable calculations with integers (HO)
)
\Hy@SavedSpaceFactor=\count479

(/usr/local/texlive/2025/texmf-dist/tex/latex/hyperref/puenc.def
File: puenc.def 2025-07-12 v7.01o Hyperref: PDF Unicode definition (HO)

(/usr/local/texlive/2025/texmf-dist/tex/latex/greek-fontenc/puenc-greek.def
File: puenc-greek.def 2023-09-12 2.5 Greek LICRs for PDF strings

(/usr/local/texlive/2025/texmf-dist/tex/latex/greek-fontenc/greek-fontenc.def
File: greek-fontenc.def 2023-09-12 2.5 Common Greek font encoding definitions
)
LaTeX Encoding Info:    Redeclaring text command \textmu (encoding PU) on input
 line 179.
)
LaTeX Encoding Info:    Redeclaring text command \textohm (encoding PU) on inpu
t line 1176.
)
Package hyperref Info: Option `colorlinks' set `false' on input line 4066.
Package hyperref Info: Option `breaklinks' set `true' on input line 4066.
Package hyperref Info: Option `pdfusetitle' set `true' on input line 4066.
Package hyperref Info: Hyper figures OFF on input line 4195.
Package hyperref Info: Link nesting OFF on input line 4200.
Package hyperref Info: Hyper index ON on input line 4203.
Package hyperref Info: Plain pages OFF on input line 4210.
Package hyperref Info: Backreferencing OFF on input line 4215.
Package hyperref Info: Implicit mode ON; LaTeX internals redefined.
Package hyperref Info: Bookmarks ON on input line 4462.
\c@Hy@tempcnt=\count480
LaTeX Info: Redefining \url on input line 4801.
\XeTeXLinkMargin=\dimen331
 (/usr/local/texlive/2025/texmf-dist/tex/generic/bitset/bitset.sty
Package: bitset 2019/12/09 v1.3 Handle bit-vector datatype (HO)

(/usr/local/texlive/2025/texmf-dist/tex/generic/bigintcalc/bigintcalc.sty
Package: bigintcalc 2019/12/15 v1.5 Expandable calculations on big integers (HO
)
))
\Fld@menulength=\count481
\Field@Width=\dimen332
\Fld@charsize=\dimen333
Package hyperref Info: Hyper figures OFF on input line 6078.
Package hyperref Info: Link nesting OFF on input line 6083.
Package hyperref Info: Hyper index ON on input line 6086.
Package hyperref Info: backreferencing OFF on input line 6093.
Package hyperref Info: Link coloring OFF on input line 6098.
Package hyperref Info: Link coloring with OCG OFF on input line 6103.
Package hyperref Info: PDF/A mode OFF on input line 6108.
\Hy@abspage=\count482
\c@Item=\count483
\c@Hfootnote=\count484
)
Package hyperref Info: Driver (autodetected): hxetex.

(/usr/local/texlive/2025/texmf-dist/tex/latex/hyperref/hxetex.def
File: hxetex.def 2025-07-12 v7.01o Hyperref driver for XeTeX
\pdfm@box=\box117
\c@Hy@AnnotLevel=\count485
\HyField@AnnotCount=\count486
\Fld@listcount=\count487
\c@bookmark@seq@number=\count488

(/usr/local/texlive/2025/texmf-dist/tex/latex/rerunfilecheck/rerunfilecheck.sty
Package: rerunfilecheck 2025-06-21 v1.11 Rerun checks for auxiliary files (HO)

(/usr/local/texlive/2025/texmf-dist/tex/generic/uniquecounter/uniquecounter.sty
Package: uniquecounter 2019/12/15 v1.4 Provide unlimited unique counter (HO)
)
Package uniquecounter Info: New unique counter `rerunfilecheck' on input line 2
84.
)
\Hy@SectionHShift=\skip91
) (/usr/local/texlive/2025/texmf-dist/tex/latex/bookmark/bookmark.sty
Package: bookmark 2023-12-10 v1.31 PDF bookmarks (HO)

(/usr/local/texlive/2025/texmf-dist/tex/latex/bookmark/bkm-dvipdfm.def
File: bkm-dvipdfm.def 2023-12-10 v1.31 bookmark driver for dvipdfm (HO)
\BKM@id=\count489
))
(/usr/local/texlive/2025/texmf-dist/tex/latex/glossaries/base/glossaries.sty
Package: glossaries 2025/08/11 v4.8 (NLCT)

(/usr/local/texlive/2025/texmf-dist/tex/latex/mfirstuc/mfirstuc.sty
Package: mfirstuc 2025/04/03 v2.09 (NLCT)
\@glsmfirst=\toks43
\@glsmrest=\toks44
)
(/usr/local/texlive/2025/texmf-dist/tex/latex/xfor/xfor.sty
Package: xfor 2009/02/05 v1.05 (NLCT)
)
(/usr/local/texlive/2025/texmf-dist/tex/latex/amsmath/amsgen.sty
File: amsgen.sty 1999/11/30 v2.0 generic functions
\@emptytoks=\toks45
\ex@=\dimen334
)
(/usr/local/texlive/2025/texmf-dist/tex/latex/tracklang/tracklang.sty
Package: tracklang 2025/03/11 v1.6.6 (NLCT) Track Languages

(/usr/local/texlive/2025/texmf-dist/tex/generic/tracklang/tracklang.tex)
Package tracklang Info: Found polyglossia BCP `en-US' on input line 264.
Package tracklang Info: Tracking dialect `american' (language `english') on inp
ut line 264.
Package tracklang Info: Tracking dialect `france' (language `french') on input 
line 264.
)
(/usr/local/texlive/2025/texmf-dist/tex/latex/glossaries-english/glossaries-eng
lish.ldf
File: glossaries-english.ldf 2014/11/23 v1.0
)
(/usr/local/texlive/2025/texmf-dist/tex/latex/glossaries-french/glossaries-fren
ch.ldf
File: glossaries-french.ldf 2016/12/12 v1.1
)
(/usr/local/texlive/2025/texmf-dist/tex/latex/datatool/datatool-base.sty
Package: datatool-base 2025/04/25 v3.4.1 (NLCT)

(/usr/local/texlive/2025/texmf-dist/tex/latex/amsmath/amsmath.sty
Package: amsmath 2025/06/16 v2.17y AMS math features
\@mathmargin=\skip92

For additional information on amsmath, use the `?' option.
(/usr/local/texlive/2025/texmf-dist/tex/latex/amsmath/amstext.sty
Package: amstext 2024/11/17 v2.01 AMS text
)
(/usr/local/texlive/2025/texmf-dist/tex/latex/amsmath/amsbsy.sty
Package: amsbsy 1999/11/29 v1.2d Bold Symbols
\pmbraise@=\dimen335
)
(/usr/local/texlive/2025/texmf-dist/tex/latex/amsmath/amsopn.sty
Package: amsopn 2022/04/08 v2.04 operator names
)
\inf@bad=\count490
LaTeX Info: Redefining \frac on input line 233.
\uproot@=\count491
\leftroot@=\count492
LaTeX Info: Redefining \overline on input line 398.
LaTeX Info: Redefining \colon on input line 409.
\classnum@=\count493
\DOTSCASE@=\count494
LaTeX Info: Redefining \ldots on input line 495.
LaTeX Info: Redefining \dots on input line 498.
LaTeX Info: Redefining \cdots on input line 619.
\Mathstrutbox@=\box118
\strutbox@=\box119
LaTeX Info: Redefining \big on input line 721.
LaTeX Info: Redefining \Big on input line 722.
LaTeX Info: Redefining \bigg on input line 723.
LaTeX Info: Redefining \Bigg on input line 724.
\big@size=\dimen336
LaTeX Font Info:    Redeclaring font encoding OML on input line 742.
LaTeX Font Info:    Redeclaring font encoding OMS on input line 743.
\macc@depth=\count495
LaTeX Info: Redefining \bmod on input line 904.
LaTeX Info: Redefining \pmod on input line 909.
LaTeX Info: Redefining \smash on input line 939.
LaTeX Info: Redefining \relbar on input line 969.
LaTeX Info: Redefining \Relbar on input line 970.
\c@MaxMatrixCols=\count496
\dotsspace@=\muskip22
\c@parentequation=\count497
\dspbrk@lvl=\count498
\tag@help=\toks46
\row@=\count499
\column@=\count500
\maxfields@=\count501
\andhelp@=\toks47
\eqnshift@=\dimen337
\alignsep@=\dimen338
\tagshift@=\dimen339
\tagwidth@=\dimen340
\totwidth@=\dimen341
\lineht@=\dimen342
\@envbody=\toks48
\multlinegap=\skip93
\multlinetaggap=\skip94
\mathdisplay@stack=\toks49
LaTeX Info: Redefining \[ on input line 2949.
LaTeX Info: Redefining \] on input line 2950.
)
(/usr/local/texlive/2025/texmf-dist/tex/latex/datatool/datatool-l3fp.def
File: datatool-l3fp.def 2025/04/25 v3.4.1 (NLCT)
)
\@dtl@toks=\toks50
\@dtl@tmpcount=\count502
\dtl@tmplength=\skip95
\l__datatool_measure_box=\box120
\dtl@sortresult=\count503

(/usr/local/texlive/2025/texmf-dist/tex/latex/datatool/datatool-utf8.ldf
File: datatool-utf8.ldf 2025/04/25 v3.4.1 (NLCT)
)
\@dtl@datatype=\count504
\l__datatool_tmpa_int=\count505
\l__datatool_tmpb_int=\count506
\l__datatool_tmpc_int=\count507
\l__datatool_tmpd_int=\count508
\l__datatool_count_int=\count509
\l__datatool_tmp_datatype_int=\count510
\l__datatool_tmpa_dim=\dimen343
\l__datatool_tmpb_dim=\dimen344
\c_datatool_unknown_int=\count511
\l__datatool_year_int=\count512
\l__datatool_month_int=\count513
\l__datatool_day_int=\count514
\l__datatool_hour_int=\count515
\l__datatool_minute_int=\count516
\l__datatool_second_int=\count517
\l__datatool_tzhour_int=\count518
\l__datatool_tzminute_int=\count519
\l__datatool_julian_int=\count520
\l__datatool_local_julian_int=\count521
\l__datatool_prefix_int=\count522
\l__datatool_suffix_int=\count523
\@dtl@foreach@level=\count524

(/usr/local/texlive/2025/texmf-dist/tex/latex/datatool-regions/datatool-US.ldf
File: datatool-US.ldf 2025/03/01 v1.0
)
(/usr/local/texlive/2025/texmf-dist/tex/latex/datatool-english/datatool-english
.ldf
File: datatool-english.ldf 2025/03/12 v1.1 (NLCT)

(/usr/local/texlive/2025/texmf-dist/tex/latex/datatool-english/datatool-english
-utf8.ldf
File: datatool-english-utf8.ldf 2025/03/12 v1.1 (NLCT)
))

Package tracklang Warning: No `datatool' support for dialect `france'  on input
 line 9908.


Package tracklang Warning: No `datatool' support for dialect `france'  on input
 line 9908.

\dtl@codeA=\count525
\dtl@codeB=\count526
)
\gls@level=\count527
\@gls@tmpb=\toks51
\gls@tmplen=\skip96
\l__glossaries_tmpa_dim=\dimen345
\l__glossaries_tmpb_dim=\dimen346
\glskeylisttok=\toks52
\glslabeltok=\toks53
\glsshorttok=\toks54
\glslongtok=\toks55

(/usr/local/texlive/2025/texmf-dist/tex/latex/glossaries/styles/glossary-hypern
av.sty
Package: glossary-hypernav 2025/08/11 v4.8 (NLCT)
)
(/usr/local/texlive/2025/texmf-dist/tex/latex/glossaries/styles/glossary-list.s
ty
Package: glossary-list 2025/08/11 v4.8 (NLCT)
\glslistdottedwidth=\skip97
)
(/usr/local/texlive/2025/texmf-dist/tex/latex/glossaries/styles/glossary-long.s
ty
Package: glossary-long 2025/08/11 v4.8 (NLCT)
 (/usr/local/texlive/2025/texmf-dist/tex/latex/tools/longtable.sty
Package: longtable 2024-12-18 v4.23 Multi-page Table package (DPC)
\LTleft=\skip98
\LTright=\skip99
\LTpre=\skip100
\LTpost=\skip101
\LTchunksize=\count528
\LTcapwidth=\dimen347
\LT@head=\box121
\LT@firsthead=\box122
\LT@foot=\box123
\LT@lastfoot=\box124
\LT@gbox=\box125
\LT@cols=\count529
\LT@rows=\count530
\c@LT@tables=\count531
\c@LT@chunks=\count532
\LT@p@ftn=\toks56
)
\glsdescwidth=\skip102
\glspagelistwidth=\skip103
)
(/usr/local/texlive/2025/texmf-dist/tex/latex/glossaries/styles/glossary-super.
sty
Package: glossary-super 2025/08/11 v4.8 (NLCT)
 (/usr/local/texlive/2025/texmf-dist/tex/latex/supertabular/supertabular.sty
Package: supertabular 2024/07/20 v4.2c the supertabular environment
\c@tracingst=\count533
\ST@wd=\dimen348
\ST@rightskip=\skip104
\ST@leftskip=\skip105
\ST@parfillskip=\skip106
\ST@pageleft=\dimen349
\ST@headht=\dimen350
\ST@tailht=\dimen351
\ST@pagesofar=\dimen352
\ST@pboxht=\dimen353
\ST@rowht=\dimen354
\ST@prevht=\dimen355
\ST@toadd=\dimen356
\ST@dimen=\dimen357
\ST@pbox=\box126
))
(/usr/local/texlive/2025/texmf-dist/tex/latex/glossaries/styles/glossary-tree.s
ty
Package: glossary-tree 2025/08/11 v4.8 (NLCT)
\l__glossaries_tree_max_known_level_int=\count534
\l__glossaries_tree_offset_dim=\dimen358
\l__glossaries_tree_namewidth_dim=\dimen359
\l__glossaries_tree_symbolwidth_dim=\dimen360
\l__glossaries_tree_prenamesym_width_dim=\dimen361
\l__glossaries_tree_presubnamesym_width_dim=\dimen362
\l__glossaries_tree_namewidth_padding_dim=\dimen363
\l__glossaries_tree_symbolwidth_padding_dim=\dimen364
\l__glossaries_tree_namesymbolwidth_dim=\dimen365
\l__glossaries_tree_namesymbolwidth_padding_dim=\dimen366
\l__glossaries_tree_level_int=\count535
\glstreeindent=\skip107
))
\glswrite=\write6
\glo@main@file=\write7
\openout7 = `document_maitre.glo'.

Package glossaries Info: Writing glossary file document_maitre.glo on input lin
e 152.
 (./Chapitres/glossaire.tex)
Package csquotes Info: Checking for multilingual support...
Package csquotes Info: ... found 'polyglossia' package.
Package csquotes Info: Adjusting default style.
Package csquotes Info: Redefining alias 'default' -> 'french'.
 (./document_maitre.aux)
\openout1 = `document_maitre.aux'.

LaTeX Font Info:    Checking defaults for OML/cmm/m/it on input line 184.
LaTeX Font Info:    ... okay on input line 184.
LaTeX Font Info:    Checking defaults for OMS/cmsy/m/n on input line 184.
LaTeX Font Info:    ... okay on input line 184.
LaTeX Font Info:    Checking defaults for OT1/cmr/m/n on input line 184.
LaTeX Font Info:    ... okay on input line 184.
LaTeX Font Info:    Checking defaults for T1/cmr/m/n on input line 184.
LaTeX Font Info:    ... okay on input line 184.
LaTeX Font Info:    Checking defaults for TS1/cmr/m/n on input line 184.
LaTeX Font Info:    ... okay on input line 184.
LaTeX Font Info:    Checking defaults for TU/lmr/m/n on input line 184.
LaTeX Font Info:    ... okay on input line 184.
LaTeX Font Info:    Checking defaults for OMX/cmex/m/n on input line 184.
LaTeX Font Info:    ... okay on input line 184.
LaTeX Font Info:    Checking defaults for U/cmr/m/n on input line 184.
LaTeX Font Info:    ... okay on input line 184.
LaTeX Font Info:    Checking defaults for T3/cmr/m/n on input line 184.
LaTeX Font Info:    Trying to load font information for T3+cmr on input line 18
4.

(/usr/local/texlive/2025/texmf-dist/tex/latex/tipa/t3cmr.fd
File: t3cmr.fd 2001/12/31 TIPA font definitions
)
LaTeX Font Info:    ... okay on input line 184.
LaTeX Font Info:    Checking defaults for PD1/pdf/m/n on input line 184.
LaTeX Font Info:    ... okay on input line 184.
LaTeX Font Info:    Checking defaults for PU/pdf/m/n on input line 184.
LaTeX Font Info:    ... okay on input line 184.

Package fontspec Info: 
(fontspec)             Adjusting the maths setup (use [no-math] to avoid
(fontspec)             this).

\symlegacymaths=\mathgroup4
LaTeX Font Info:    Overwriting symbol font `legacymaths' in version `bold'
(Font)                  OT1/cmr/m/n --> OT1/cmr/bx/n on input line 184.
LaTeX Font Info:    Redeclaring math accent \acute on input line 184.
LaTeX Font Info:    Redeclaring math accent \grave on input line 184.
LaTeX Font Info:    Redeclaring math accent \ddot on input line 184.
LaTeX Font Info:    Redeclaring math accent \tilde on input line 184.
LaTeX Font Info:    Redeclaring math accent \bar on input line 184.
LaTeX Font Info:    Redeclaring math accent \breve on input line 184.
LaTeX Font Info:    Redeclaring math accent \check on input line 184.
LaTeX Font Info:    Redeclaring math accent \hat on input line 184.
LaTeX Font Info:    Redeclaring math accent \dot on input line 184.
LaTeX Font Info:    Redeclaring math accent \mathring on input line 184.
LaTeX Font Info:    Redeclaring math symbol \Gamma on input line 184.
LaTeX Font Info:    Redeclaring math symbol \Delta on input line 184.
LaTeX Font Info:    Redeclaring math symbol \Theta on input line 184.
LaTeX Font Info:    Redeclaring math symbol \Lambda on input line 184.
LaTeX Font Info:    Redeclaring math symbol \Xi on input line 184.
LaTeX Font Info:    Redeclaring math symbol \Pi on input line 184.
LaTeX Font Info:    Redeclaring math symbol \Sigma on input line 184.
LaTeX Font Info:    Redeclaring math symbol \Upsilon on input line 184.
LaTeX Font Info:    Redeclaring math symbol \Phi on input line 184.
LaTeX Font Info:    Redeclaring math symbol \Psi on input line 184.
LaTeX Font Info:    Redeclaring math symbol \Omega on input line 184.
LaTeX Font Info:    Redeclaring math symbol \mathdollar on input line 184.
LaTeX Font Info:    Redeclaring symbol font `operators' on input line 184.
LaTeX Font Info:    Encoding `OT1' has changed to `TU' for symbol font
(Font)              `operators' in the math version `normal' on input line 184.

LaTeX Font Info:    Overwriting symbol font `operators' in version `normal'
(Font)                  OT1/cmr/m/n --> TU/lmr/m/n on input line 184.
LaTeX Font Info:    Encoding `OT1' has changed to `TU' for symbol font
(Font)              `operators' in the math version `bold' on input line 184.
LaTeX Font Info:    Overwriting symbol font `operators' in version `bold'
(Font)                  OT1/cmr/bx/n --> TU/lmr/m/n on input line 184.
LaTeX Font Info:    Overwriting symbol font `operators' in version `normal'
(Font)                  TU/lmr/m/n --> TU/lmr/m/n on input line 184.
LaTeX Font Info:    Overwriting math alphabet `\mathit' in version `normal'
(Font)                  OT1/cmr/m/it --> TU/lmr/m/it on input line 184.
LaTeX Font Info:    Overwriting math alphabet `\mathbf' in version `normal'
(Font)                  OT1/cmr/bx/n --> TU/lmr/b/n on input line 184.
LaTeX Font Info:    Overwriting math alphabet `\mathsf' in version `normal'
(Font)                  OT1/cmss/m/n --> TU/lmss/m/n on input line 184.
LaTeX Font Info:    Overwriting math alphabet `\mathtt' in version `normal'
(Font)                  OT1/cmtt/m/n --> TU/lmtt/m/n on input line 184.
LaTeX Font Info:    Overwriting symbol font `operators' in version `bold'
(Font)                  TU/lmr/m/n --> TU/lmr/b/n on input line 184.
LaTeX Font Info:    Overwriting math alphabet `\mathit' in version `bold'
(Font)                  OT1/cmr/bx/it --> TU/lmr/b/it on input line 184.
LaTeX Font Info:    Overwriting math alphabet `\mathsf' in version `bold'
(Font)                  OT1/cmss/bx/n --> TU/lmss/b/n on input line 184.
LaTeX Font Info:    Overwriting math alphabet `\mathtt' in version `bold'
(Font)                  OT1/cmtt/m/n --> TU/lmtt/b/n on input line 184.
Package biblatex Info: Trying to load language 'american'...
Package biblatex Info: ... file 'american.lbx' found.

(/usr/local/texlive/2025/texmf-dist/tex/latex/biblatex/lbx/american.lbx
File: american.lbx 2025/07/10 v3.21 biblatex localization (PK/MW)
Package biblatex Info: Trying to load language 'english'...
Package biblatex Info: ... file 'english.lbx' found.

(/usr/local/texlive/2025/texmf-dist/tex/latex/biblatex/lbx/english.lbx
File: english.lbx 2025/07/10 v3.21 biblatex localization (PK/MW)
)
Package biblatex Info: Trying to load language 'english'...
Package biblatex Info: ... file 'english.lbx' found.

(/usr/local/texlive/2025/texmf-dist/tex/latex/biblatex/lbx/english.lbx
File: english.lbx 2025/07/10 v3.21 biblatex localization (PK/MW)
))
Package biblatex Info: Trying to load language 'french'...
Package biblatex Info: ... file 'french.lbx' found.

(/usr/local/texlive/2025/texmf-dist/tex/latex/biblatex/lbx/french.lbx
File: french.lbx 2025/07/10 v3.21 biblatex localization (PK/MW)
)
Package biblatex Info: XeTeX detected.
(biblatex)             Assuming input encoding 'utf8'.
Package biblatex Info: Automatic encoding selection.
(biblatex)             Assuming data encoding 'utf8'.
\openout3 = `document_maitre.bcf'.

Package biblatex Info: Trying to load bibliographic data...
Package biblatex Info: ... file 'document_maitre.bbl' found.

(./document_maitre.bbl

Package biblatex Warning: Biber reported the following issues
(biblatex)                with 'DroitDauteurINPI2024':
(biblatex)                - online entry 'DroitDauteurINPI2024' (./biblio/memoi
re.bib): Invalid format '2024-12-09T14:59:12+0100' of date field 'date' - ignor
ing.

)
Package biblatex Info: Reference section=0 on input line 184.
Package biblatex Info: Reference segment=0 on input line 184.
Package caption Info: Begin \AtBeginDocument code.
Package caption Info: float package is loaded.
Package caption Info: hyperref package is loaded.
Package caption Info: longtable package is loaded.
 (/usr/local/texlive/2025/texmf-dist/tex/latex/caption/ltcaption.sty
Package: ltcaption 2021/01/08 v1.4c longtable captions (AR)
)
Package caption Info: supertabular package is loaded.
Package caption Info: End \AtBeginDocument code.

*geometry* driver: auto-detecting
*geometry* detected driver: xetex
*geometry* verbose mode - [ preamble ] result:
* driver: xetex
* paper: <default>
* layout: <same size as paper>
* layoutoffset:(h,v)=(0.0pt,0.0pt)
* modes: twoside 
* h-part:(L,W,R)=(71.13188pt, 472.03123pt, 71.13188pt)
* v-part:(T,H,B)=(71.13188pt, 652.70622pt, 71.13188pt)
* \paperwidth=614.295pt
* \paperheight=794.96999pt
* \textwidth=472.03123pt
* \textheight=652.70622pt
* \oddsidemargin=-1.1381pt
* \evensidemargin=-1.1381pt
* \topmargin=-33.0119pt
* \headheight=16.0pt
* \headsep=19.8738pt
* \topskip=12.0pt
* \footskip=30.0pt
* \marginparwidth=98.0pt
* \marginparsep=7.0pt
* \columnsep=10.0pt
* \skip\footins=10.8pt plus 4.0pt minus 2.0pt
* \hoffset=0.0pt
* \voffset=0.0pt
* \mag=1000
* \@twocolumnfalse
* \@twosidetrue
* \@mparswitchtrue
* \@reversemarginfalse
* (1in=72.27pt=25.4mm, 1cm=28.453pt)

Package hyperref Info: Link coloring OFF on input line 184.


[1

\openout6 = `document_maitre.ist'.


]

[2

]
Underfull \hbox (badness 10000) in paragraph at lines 250--251

 []


Underfull \hbox (badness 10000) in paragraph at lines 252--253

 []



[1


]

[2

]
Package lettrine.sty Info: Targeted height = 24.16246pt
(lettrine.sty)             (for loversize=0, accent excluded),
(lettrine.sty)             Lettrine height = 24.16241pt (M);
(lettrine.sty)             reported on input line 260.

Underfull \hbox (badness 10000) in paragraph at lines 260--261

 []


Underfull \hbox (badness 10000) in paragraph at lines 262--263

 []



[3

]

[4

]
Overfull \hbox (2.96442pt too wide) in paragraph at lines 270--270
[]\TU/lmr/m/sc/12 Weld[]\TU/lmr/m/n/12 ​ (Dan), []\TU/lmr/m/sc/12 Vorvoreanu[]\
TU/lmr/m/n/12 ​ (Mihaela), []\TU/lmr/m/sc/12 Fourney[]\TU/lmr/m/n/12 ​ (Adam), 
[]\TU/lmr/m/sc/12 Nushi[]\TU/lmr/m/n/12 ​ (Besmira), []\TU/lmr/m/sc/12 Collisso
n[]\TU/lmr/m/n/12 ​
 []



[5

]
Missing character: There is no ‎ (U+200E) in font [lmroman12-italic]:mapping=te
x-text;!
Missing character: There is no ‎ (U+200E) in font [lmroman12-italic]:mapping=te
x-text;!
Missing character: There is no │ (U+2502) in font [lmroman12-regular]:mapping=t
ex-text;!


[6]

[7]

[8]

[9]
Overfull \hbox (14.92871pt too wide) in paragraph at lines 270--270
[][][]\TU/lmr/m/sc/12 Poibeau[]\TU/lmr/m/n/12 ​ (Thierry), «  Le traitement aut
omatique des langues pour les sciences sociales :Quelques
 []



[10]
Overfull \hbox (0.74863pt too wide) in paragraph at lines 270--270
[][][]\TU/lmr/m/sc/12 Stutzmann[]\TU/lmr/m/n/12 ​ (Dominique), []\TU/lmr/m/sc/1
2 Moufflet[]\TU/lmr/m/n/12 ​ (Jean-François) et []\TU/lmr/m/sc/12 Hamel[]\TU/lm
r/m/n/12 ​ (Sébastien), «  La recherche
 []



[11]
Overfull \hbox (16.06882pt too wide) in paragraph at lines 270--270
[][][]\TU/lmr/m/n/12 Universal bibliographic control and international MARC pro
gramme[]​ et []Fédération internationale
 []


Overfull \hbox (17.96452pt too wide) in paragraph at lines 270--270
[][][]\TU/lmr/m/sc/12 Wang[]\TU/lmr/m/n/12 ​ (Yiyuan), []\TU/lmr/m/sc/12 Johnst
on[]\TU/lmr/m/n/12 ​ (Andrew), []\TU/lmr/m/sc/12 Sadokierski[]\TU/lmr/m/n/12 ​ 
(Zoë), []\TU/lmr/m/sc/12 Stephens[]\TU/lmr/m/n/12 ​ (Rhiannon) et []\TU/lmr/m/s
c/12 Ahyong[]\TU/lmr/m/n/12 ​
 []



[12]

[13]

[14

] (./Chapitres/introduction.tex
Underfull \hbox (badness 10000) in paragraph at lines 30--32

 []



[15]
Underfull \hbox (badness 10000) in paragraph at lines 43--44

 []



[16]
Underfull \hbox (badness 10000) in paragraph at lines 47--48

 []


Underfull \hbox (badness 10000) in paragraph at lines 55--56

 []



[17]
Underfull \hbox (badness 10000) in paragraph at lines 59--60

 []



[18]

[19]
Underfull \hbox (badness 10000) in paragraph at lines 77--79

 []


Underfull \hbox (badness 10000) in paragraph at lines 80--81

 []

)

[20]

[1



]

[2]
Chapitre 1.

Package hyperref Warning: Token not allowed in a PDF string (Unicode):
(hyperref)                removing `\Gls' on input line 287.


Package hyperref Warning: Token not allowed in a PDF string (Unicode):
(hyperref)                removing `\Gls' on input line 290.

(./Chapitres/P1_C1_1.tex
Underfull \hbox (badness 10000) in paragraph at lines 8--9

 []



[3

]
Underfull \hbox (badness 10000) in paragraph at lines 14--15

 []


Underfull \hbox (badness 10000) in paragraph at lines 22--23

 []



[4]
Underfull \hbox (badness 10000) in paragraph at lines 30--31

 []


Underfull \hbox (badness 10000) in paragraph at lines 36--37

 []


Underfull \hbox (badness 10000) in paragraph at lines 38--39

 []



[5])

[6] (./Chapitres/P1_C1_2.tex
Underfull \hbox (badness 10000) in paragraph at lines 16--17

 []



[7]
Underfull \hbox (badness 10000) in paragraph at lines 22--23

 []


Underfull \hbox (badness 10000) in paragraph at lines 28--29

 []



[8]

Package hyperref Warning: Token not allowed in a PDF string (Unicode):
(hyperref)                removing `\glspl' on input line 36.


Underfull \hbox (badness 10000) in paragraph at lines 38--39

 []

)

[9] (./Chapitres/P1_C1_3.tex
Underfull \hbox (badness 10000) in paragraph at lines 9--10

 []



[10]







[11]
Underfull \hbox (badness 10000) in paragraph at lines 51--52

 []


Underfull \hbox (badness 10000) in paragraph at lines 57--58

 []



[12]
Underfull \hbox (badness 10000) in paragraph at lines 69--70

 []


Underfull \hbox (badness 10000) in paragraph at lines 75--76

 []

)

[13]

[14

]
Chapitre 2.

Package hyperref Warning: Token not allowed in a PDF string (Unicode):
(hyperref)                removing `\gls' on input line 309.


Package hyperref Warning: Token not allowed in a PDF string (Unicode):
(hyperref)                removing `\gls' on input line 311.

(./Chapitres/P1_C2_1.tex
Underfull \hbox (badness 10000) in paragraph at lines 7--8

 []



[15]
Underfull \hbox (badness 10000) in paragraph at lines 19--20

 []


Package hyperref Warning: Token not allowed in a PDF string (Unicode):
(hyperref)                removing `\glsfirst' on input line 25.



[16]
Missing character: There is no ‎ (U+200E) in font [lmroman10-italic]:mapping=te
x-text;!
Missing character: There is no │ (U+2502) in font [lmroman10-regular]:mapping=t
ex-text;!


[17]

Package hyperref Warning: Token not allowed in a PDF string (Unicode):
(hyperref)                removing `\gls' on input line 55.


Underfull \hbox (badness 10000) in paragraph at lines 59--60

 []



[18]
Overfull \hbox (0.19391pt too wide) in paragraph at lines 79--80
\TU/lmr/m/n/12 en [][]\TU/lmr/m/it/12 computer vision[] \TU/lmr/m/n/12 sont lou
rds et mobilisent beaucoup de ressources. Ainsi, on produit souvent
 []


Package hyperref Warning: Token not allowed in a PDF string (Unicode):
(hyperref)                removing `\gls' on input line 84.



[19]
Underfull \hbox (badness 10000) in paragraph at lines 104--105

 []



[20]
Underfull \hbox (badness 10000) in paragraph at lines 114--115

 []

)

[21] (./Chapitres/P1_C2_2.tex
Underfull \hbox (badness 10000) in paragraph at lines 3--4

 []


Underfull \hbox (badness 10000) in paragraph at lines 14--15

 []


Underfull \hbox (badness 10000) in paragraph at lines 16--17

 []



[22]
Underfull \hbox (badness 10000) in paragraph at lines 28--29

 []



[23]
Underfull \hbox (badness 10000) in paragraph at lines 40--41

 []



[24]
Underfull \hbox (badness 10000) in paragraph at lines 46--47

 []

)

[25] (./Chapitres/P1_C2_3.tex
Underfull \hbox (badness 10000) in paragraph at lines 15--16

 []



[26]

Package hyperref Warning: Token not allowed in a PDF string (Unicode):
(hyperref)                removing `\gls' on input line 23.


Underfull \hbox (badness 10000) in paragraph at lines 29--30

 []

)

[27]

[28

]

Package hyperref Warning: Token not allowed in a PDF string (Unicode):
(hyperref)                removing `\glsfirst' on input line 330.


Package hyperref Warning: Token not allowed in a PDF string (Unicode):
(hyperref)                removing `\gls' on input line 330.



[29]

[30]
Chapitre 3.

Package hyperref Warning: Token not allowed in a PDF string (Unicode):
(hyperref)                removing `\gls' on input line 332.


Package hyperref Warning: Token not allowed in a PDF string (Unicode):
(hyperref)                removing `\gls' on input line 332.

(./Chapitres/P2_C1_1.tex
Underfull \hbox (badness 10000) in paragraph at lines 5--6

 []



[31

]
File: ./Schema/ElasticSearch.pdf Graphic file (type pdf)
<./Schema/ElasticSearch.pdf>


[32]
Underfull \hbox (badness 10000) in paragraph at lines 22--23

 []


Underfull \hbox (badness 10000) in paragraph at lines 30--31

 []



[33]
Underfull \hbox (badness 10000) in paragraph at lines 38--39

 []


Underfull \hbox (badness 10000) in paragraph at lines 42--43

 []



[34]
Underfull \hbox (badness 10000) in paragraph at lines 48--49

 []



[35]
Underfull \hbox (badness 10000) in paragraph at lines 58--59

 []


Underfull \hbox (badness 10000) in paragraph at lines 64--65

 []



[36]
Underfull \hbox (badness 10000) in paragraph at lines 72--73

 []



[37])

[38]

Package hyperref Warning: Token not allowed in a PDF string (Unicode):
(hyperref)                removing `\gls' on input line 340.

(./Chapitres/P2_C1_2.tex
Underfull \hbox (badness 10000) in paragraph at lines 12--13

 []



[39]
LaTeX Font Info:    Font shape `TU/lmss/m/it' in size <10.95> not available
(Font)              Font shape `TU/lmss/m/sl' tried instead on input line 49.


[40]
Underfull \hbox (badness 10000) in paragraph at lines 84--85

 []



[41]
Underfull \hbox (badness 10000) in paragraph at lines 255--256

 []



[42]

Package hyperref Warning: Token not allowed in a PDF string (Unicode):
(hyperref)                removing `\gls' on input line 267.


Package hyperref Warning: Token not allowed in a PDF string (Unicode):
(hyperref)                removing `\gls' on input line 267.



[43]
Underfull \hbox (badness 10000) in paragraph at lines 273--274

 []



[44]
File: ./Schema/Text-to-SQL.png Graphic file (type bmp)
<./Schema/Text-to-SQL.png>

Underfull \hbox (badness 10000) in paragraph at lines 292--293

 []



[45]
Underfull \hbox (badness 10000) in paragraph at lines 296--297

 []



[46]
Underfull \hbox (badness 10000) in paragraph at lines 306--307

 []


Underfull \hbox (badness 10000) in paragraph at lines 323--323
[]|\TU/lmr/m/n/10.95 Recherche séman-
 []


Underfull \hbox (badness 2080) in paragraph at lines 323--323
[]|\TU/lmr/m/n/10.95 Hallucinations, opa-
 []


Underfull \hbox (badness 10000) in paragraph at lines 323--323
[]|\TU/lmr/m/n/10.95 Fiabilité des ré-
 []


Underfull \hbox (badness 10000) in paragraph at lines 323--323
\TU/lmr/m/n/10.95 sultats, prises en
 []


Underfull \hbox (badness 5985) in paragraph at lines 323--323
\TU/lmr/m/it/10.95 definition language[]\TU/lmr/m/n/10.95 ,
 []


Underfull \hbox (badness 1466) in paragraph at lines 323--323
\TU/lmr/m/n/10.95 requêtes vites com-
 []


Underfull \hbox (badness 5077) in paragraph at lines 323--323
\TU/lmr/m/n/10.95 plexes et sclabilité
 []


Underfull \hbox (badness 10000) in paragraph at lines 323--323
[]|\TU/lmr/m/n/10.95 Traduction de re-
 []


Underfull \hbox (badness 10000) in paragraph at lines 323--323
\TU/lmr/m/n/10.95 quête en langage
 []


Underfull \hbox (badness 2837) in paragraph at lines 323--323
\TU/lmr/m/n/10.95 naturel en [][]pipeline
 []


Underfull \hbox (badness 4108) in paragraph at lines 323--323
[]|\TU/lmr/m/n/10.95 Souplesse face aux
 []


Underfull \hbox (badness 1721) in paragraph at lines 323--323
\TU/lmr/m/n/10.95 structures des don-
 []


Underfull \hbox (badness 10000) in paragraph at lines 323--323
[]|\TU/lmr/m/n/10.95 Fonctionne sur
 []


Underfull \hbox (badness 10000) in paragraph at lines 323--323
\TU/lmr/m/n/10.95 échantillonnage,
 []


Underfull \hbox (badness 3302) in paragraph at lines 323--323
\TU/lmr/m/n/10.95 absence de schéma
 []


Underfull \hbox (badness 10000) in paragraph at lines 328--329

 []



[47]
Underfull \hbox (badness 10000) in paragraph at lines 340--342

 []


Underfull \hbox (badness 10000) in paragraph at lines 345--346

 []



[48]
Underfull \hbox (badness 10000) in paragraph at lines 350--351

 []


Underfull \hbox (badness 10000) in paragraph at lines 354--355

 []



[49]
Underfull \hbox (badness 10000) in paragraph at lines 360--361

 []


Underfull \hbox (badness 10000) in paragraph at lines 362--363

 []

)

[50]
Overfull \hbox (9.4479pt too wide) in paragraph at lines 346--346
[]\TU/lmr/bx/n/17.28 Enjeux utilisateurs : comment implémenter ces fonc-
 []


Overfull \hbox (7.0568pt too wide) in paragraph at lines 346--346
\TU/lmr/bx/n/17.28 tionnalités en respectant l’utilisateur dans son usage
 []

(./Chapitres/P2_C1_3.tex
Underfull \hbox (badness 10000) in paragraph at lines 5--6

 []



[51]

Package hyperref Warning: Token not allowed in a PDF string (Unicode):
(hyperref)                removing `\gls' on input line 17.


Package hyperref Warning: Token not allowed in a PDF string (Unicode):
(hyperref)                removing `\gls' on input line 17.


Package hyperref Warning: Token not allowed in a PDF string (Unicode):
(hyperref)                removing `\glspl' on input line 17.



[52]

Package hyperref Warning: Token not allowed in a PDF string (Unicode):
(hyperref)                removing `\gls' on input line 29.


Underfull \hbox (badness 10000) in paragraph at lines 35--36

 []


Package hyperref Warning: Token not allowed in a PDF string (Unicode):
(hyperref)                removing `\gls' on input line 39.


Package hyperref Warning: Token not allowed in a PDF string (Unicode):
(hyperref)                removing `\gls' on input line 39.


Package hyperref Warning: Token not allowed in a PDF string (Unicode):
(hyperref)                removing `\gls' on input line 39.


Package hyperref Warning: Token not allowed in a PDF string (Unicode):
(hyperref)                removing `\gls' on input line 39.



[53])

[54]
Chapitre 4.

Package hyperref Warning: Token not allowed in a PDF string (Unicode):
(hyperref)                removing `\gls' on input line 350.

(./Chapitres/P2_C2_1.tex

Package hyperref Warning: Token not allowed in a PDF string (Unicode):
(hyperref)                removing `\gls' on input line 7.



[55

]
Underfull \hbox (badness 10000) in paragraph at lines 13--14

 []


Underfull \hbox (badness 10000) in paragraph at lines 15--16

 []


Underfull \hbox (badness 10000) in paragraph at lines 19--20

 []



[56]

Package hyperref Warning: Token not allowed in a PDF string (Unicode):
(hyperref)                removing `\gls' on input line 23.


Package hyperref Warning: Token not allowed in a PDF string (Unicode):
(hyperref)                removing `\gls' on input line 23.


Underfull \hbox (badness 10000) in paragraph at lines 29--30

 []



[57]
File: ./Schema/WEMI.pdf Graphic file (type pdf)
<./Schema/WEMI.pdf>

Underfull \vbox (badness 10000) has occurred while \output is active []



[58]
Underfull \hbox (badness 10000) in paragraph at lines 52--53

 []


Underfull \hbox (badness 10000) in paragraph at lines 54--55

 []

File: ./Schema/frbrComplet.png Graphic file (type bmp)
<./Schema/frbrComplet.png>

Underfull \vbox (badness 10000) has occurred while \output is active []



[59]
Underfull \hbox (badness 10000) in paragraph at lines 67--68

 []


Underfull \hbox (badness 10000) in paragraph at lines 71--72

 []



[60]

Package hyperref Warning: Token not allowed in a PDF string (Unicode):
(hyperref)                removing `\gls' on input line 77.



[61]
File: ./Schema/frbrSmovies.png Graphic file (type bmp)
<./Schema/frbrSmovies.png>

Overfull \vbox (8.1278pt too high) has occurred while \output is active []



[62]
Underfull \hbox (badness 10000) in paragraph at lines 94--95

 []


Underfull \hbox (badness 10000) in paragraph at lines 98--99

 []


Underfull \hbox (badness 10000) in paragraph at lines 100--101

 []


Package hyperref Warning: Token not allowed in a PDF string (Unicode):
(hyperref)                removing `\glspl' on input line 104.



[63]
Underfull \hbox (badness 10000) in paragraph at lines 108--109

 []


Underfull \hbox (badness 10000) in paragraph at lines 114--115

 []

)

[64]
Overfull \hbox (39.8024pt too wide) in paragraph at lines 358--358
[]\TU/lmr/bx/n/17.28 Les différentes réalités de l’indexation semi-automatisée 
:
 []

(./Chapitres/P2_C2_2.tex
Underfull \hbox (badness 10000) in paragraph at lines 11--12

 []


Underfull \hbox (badness 10000) in paragraph at lines 15--16

 []



[65]
Underfull \hbox (badness 10000) in paragraph at lines 23--24

 []



[66]
Underfull \hbox (badness 10000) in paragraph at lines 37--38

 []



[67]
Underfull \hbox (badness 10000) in paragraph at lines 47--48

 []



[68]
Underfull \hbox (badness 10000) in paragraph at lines 51--52

 []

File: ./Schema/vitrivr.png Graphic file (type bmp)
<./Schema/vitrivr.png>

Underfull \hbox (badness 10000) in paragraph at lines 64--65

 []



[69]
Underfull \hbox (badness 10000) in paragraph at lines 66--67

 []


Package hyperref Warning: Token not allowed in a PDF string (Unicode):
(hyperref)                removing `\glspl' on input line 70.


Underfull \hbox (badness 10000) in paragraph at lines 74--75

 []



[70]
Underfull \hbox (badness 10000) in paragraph at lines 85--86

 []



[71]
Underfull \hbox (badness 10000) in paragraph at lines 92--93

 []


Package hyperref Warning: Token not allowed in a PDF string (Unicode):
(hyperref)                removing `\Gls' on input line 98.


Package hyperref Warning: Token not allowed in a PDF string (Unicode):
(hyperref)                removing `\gls' on input line 98.



[72]
Underfull \hbox (badness 10000) in paragraph at lines 104--105

 []


Package biblatex Warning: Nested notes on input line 108.


Underfull \hbox (badness 10000) in paragraph at lines 108--109

 []



[73]
Underfull \hbox (badness 10000) in paragraph at lines 128--129

 []



[74]
Underfull \hbox (badness 10000) in paragraph at lines 132--133

 []


Underfull \hbox (badness 10000) in paragraph at lines 136--137

 []


Underfull \hbox (badness 10000) in paragraph at lines 138--139

 []



[75]
Underfull \hbox (badness 10000) in paragraph at lines 144--145

 []


Underfull \hbox (badness 10000) in paragraph at lines 148--149

 []


Underfull \vbox (badness 2197) has occurred while \output is active []



[76]
Underfull \hbox (badness 10000) in paragraph at lines 154--155

 []


Package hyperref Warning: Token not allowed in a PDF string (Unicode):
(hyperref)                removing `\glsfirst' on input line 158.


Underfull \hbox (badness 10000) in paragraph at lines 160--161

 []



[77]
Underfull \hbox (badness 10000) in paragraph at lines 168--169

 []


Underfull \hbox (badness 10000) in paragraph at lines 170--171

 []


Underfull \hbox (badness 10000) in paragraph at lines 178--179

 []



[78]
Underfull \hbox (badness 10000) in paragraph at lines 182--183

 []


Underfull \hbox (badness 10000) in paragraph at lines 184--185

 []



[79]
Underfull \hbox (badness 10000) in paragraph at lines 190--191

 []


Package hyperref Warning: Token not allowed in a PDF string (Unicode):
(hyperref)                removing `\gls' on input line 194.


Package hyperref Warning: Token not allowed in a PDF string (Unicode):
(hyperref)                removing `\gls' on input line 194.


Underfull \hbox (badness 10000) in paragraph at lines 197--198

 []



[80]
Underfull \hbox (badness 10000) in paragraph at lines 209--210

 []


Underfull \hbox (badness 10000) in paragraph at lines 217--218

 []


Underfull \vbox (badness 10000) has occurred while \output is active []



[81]
Underfull \hbox (badness 10000) in paragraph at lines 227--228

 []

)

[82] (./Chapitres/P2_C2_3.tex
Underfull \hbox (badness 10000) in paragraph at lines 3--4

 []


Underfull \hbox (badness 10000) in paragraph at lines 7--8

 []


Underfull \hbox (badness 10000) in paragraph at lines 13--14

 []



[83]

[84]
Overfull \hbox (6.56958pt too wide) in paragraph at lines 28--29
[]\TU/lmr/m/n/12 Mais différents éléments relevant des logiques d’implémentatio
ns et des questions d’usages
 []


Underfull \hbox (badness 10000) in paragraph at lines 32--33

 []

)

[85]

[86

]

[87]

[88]
Chapitre 5.

Package hyperref Warning: Token not allowed in a PDF string (Unicode):
(hyperref)                removing `\gls' on input line 371.

(./Chapitres/P3_C1.tex

[89

]
Underfull \hbox (badness 10000) in paragraph at lines 15--16

 []

File: ./Schema/Text2ES.png Graphic file (type bmp)
<./Schema/Text2ES.png>



Package fancyhdr Warning: \headheight is too small (16.0pt): 
(fancyhdr)                Make it at least 25.79024pt, for example:
(fancyhdr)                \setlength{\headheight}{25.79024pt}.
(fancyhdr)                You might also make \topmargin smaller:
(fancyhdr)                \addtolength{\topmargin}{-9.79024pt}.

[90]
Underfull \hbox (badness 10000) in paragraph at lines 48--49
[]|[][]\TU/lmr/bx/it/12 Text-to-
 []


Underfull \hbox (badness 10000) in paragraph at lines 51--51
[]|\TU/lmr/m/n/12 Correspondance
 []


Underfull \hbox (badness 10000) in paragraph at lines 51--51
\TU/lmr/m/n/12 exacte, requêtes
 []


Underfull \hbox (badness 1546) in paragraph at lines 51--51
\TU/lmr/m/n/12 qui échouent à la
 []


Underfull \hbox (badness 10000) in paragraph at lines 51--51
\TU/lmr/m/n/12 moindre impréci-
 []


Underfull \hbox (badness 1389) in paragraph at lines 52--52
[]|\TU/lmr/m/n/12 Non traité comme
 []


Underfull \hbox (badness 10000) in paragraph at lines 53--54
[]|\TU/lmr/m/n/12 Mots-clés enrichis
 []


Underfull \hbox (badness 10000) in paragraph at lines 53--54
\TU/lmr/m/n/12 typographiques,
 []


Underfull \hbox (badness 7944) in paragraph at lines 56--56
\TU/lmr/m/n/12 gide, incompatible
 []


Underfull \hbox (badness 10000) in paragraph at lines 57--57
[]|\TU/lmr/m/n/12 Schéma inexistant
 []


Underfull \hbox (badness 10000) in paragraph at lines 57--57
\TU/lmr/m/n/12 ou totalement
 []


Underfull \hbox (badness 3088) in paragraph at lines 57--57
\TU/lmr/m/n/12 sible de connaître
 []


Underfull \hbox (badness 10000) in paragraph at lines 57--57
\TU/lmr/m/n/12 exhaustivement
 []


Underfull \hbox (badness 10000) in paragraph at lines 58--59
[]|\TU/lmr/m/n/12 Schéma d’indexa-
 []


Underfull \hbox (badness 10000) in paragraph at lines 58--59
\TU/lmr/m/n/12 à l’avance, mais
 []


Underfull \hbox (badness 10000) in paragraph at lines 58--59
\TU/lmr/m/n/12 champs variables
 []


Underfull \hbox (badness 7851) in paragraph at lines 60--60
[]|\TU/lmr/m/n/12 Fonctions d’agré-
 []


Underfull \hbox (badness 1005) in paragraph at lines 61--61
[]|\TU/lmr/m/n/12 Disponibles native-
 []


Underfull \hbox (badness 2368) in paragraph at lines 61--61
\TU/lmr/m/n/12 ment, mais néces-
 []


Underfull \hbox (badness 10000) in paragraph at lines 63--64
[]|\TU/lmr/m/n/12 Disponibles nati-
 []


Underfull \hbox (badness 4242) in paragraph at lines 63--64
\TU/lmr/m/n/12 vement et combi-
 []


Underfull \hbox (badness 10000) in paragraph at lines 63--64
\TU/lmr/m/n/12 nables avec une
 []


Underfull \hbox (badness 10000) in paragraph at lines 70--71

 []




Package fancyhdr Warning: \headheight is too small (16.0pt): 
(fancyhdr)                Make it at least 25.79024pt, for example:
(fancyhdr)                \setlength{\headheight}{25.79024pt}.
(fancyhdr)                You might also make \topmargin smaller:
(fancyhdr)                \addtolength{\topmargin}{-9.79024pt}.

[91]
Underfull \hbox (badness 10000) in paragraph at lines 78--79

 []




Package fancyhdr Warning: \headheight is too small (16.0pt): 
(fancyhdr)                Make it at least 25.79024pt, for example:
(fancyhdr)                \setlength{\headheight}{25.79024pt}.
(fancyhdr)                You might also make \topmargin smaller:
(fancyhdr)                \addtolength{\topmargin}{-9.79024pt}.

[92]
Underfull \hbox (badness 10000) in paragraph at lines 84--85

 []


Underfull \hbox (badness 10000) in paragraph at lines 88--89

 []

File: ./Schema/RechercheAugmentee.png Graphic file (type bmp)
<./Schema/RechercheAugmentee.png>

Underfull \vbox (badness 10000) has occurred while \output is active []




Package fancyhdr Warning: \headheight is too small (16.0pt): 
(fancyhdr)                Make it at least 25.79024pt, for example:
(fancyhdr)                \setlength{\headheight}{25.79024pt}.
(fancyhdr)                You might also make \topmargin smaller:
(fancyhdr)                \addtolength{\topmargin}{-9.79024pt}.

[93]


Package fancyhdr Warning: \headheight is too small (16.0pt): 
(fancyhdr)                Make it at least 25.79024pt, for example:
(fancyhdr)                \setlength{\headheight}{25.79024pt}.
(fancyhdr)                You might also make \topmargin smaller:
(fancyhdr)                \addtolength{\topmargin}{-9.79024pt}.

[94]
Underfull \hbox (badness 10000) in paragraph at lines 113--114

 []


Underfull \hbox (badness 10000) in paragraph at lines 115--116

 []




Package fancyhdr Warning: \headheight is too small (16.0pt): 
(fancyhdr)                Make it at least 25.79024pt, for example:
(fancyhdr)                \setlength{\headheight}{25.79024pt}.
(fancyhdr)                You might also make \topmargin smaller:
(fancyhdr)                \addtolength{\topmargin}{-9.79024pt}.

[95]
Underfull \hbox (badness 10000) in paragraph at lines 127--128

 []




Package fancyhdr Warning: \headheight is too small (16.0pt): 
(fancyhdr)                Make it at least 25.79024pt, for example:
(fancyhdr)                \setlength{\headheight}{25.79024pt}.
(fancyhdr)                You might also make \topmargin smaller:
(fancyhdr)                \addtolength{\topmargin}{-9.79024pt}.

[96]
Underfull \hbox (badness 10000) in paragraph at lines 133--134

 []


Underfull \hbox (badness 10000) in paragraph at lines 139--140

 []




Package fancyhdr Warning: \headheight is too small (16.0pt): 
(fancyhdr)                Make it at least 25.79024pt, for example:
(fancyhdr)                \setlength{\headheight}{25.79024pt}.
(fancyhdr)                You might also make \topmargin smaller:
(fancyhdr)                \addtolength{\topmargin}{-9.79024pt}.

[97]
Underfull \hbox (badness 10000) in paragraph at lines 147--148

 []


Underfull \hbox (badness 10000) in paragraph at lines 153--154

 []




Package fancyhdr Warning: \headheight is too small (16.0pt): 
(fancyhdr)                Make it at least 25.79024pt, for example:
(fancyhdr)                \setlength{\headheight}{25.79024pt}.
(fancyhdr)                You might also make \topmargin smaller:
(fancyhdr)                \addtolength{\topmargin}{-9.79024pt}.

[98]
Underfull \hbox (badness 10000) in paragraph at lines 157--158

 []


Package hyperref Warning: Token not allowed in a PDF string (Unicode):
(hyperref)                removing `\gls' on input line 161.


Underfull \hbox (badness 10000) in paragraph at lines 163--164

 []


Underfull \hbox (badness 10000) in paragraph at lines 171--172

 []




Package fancyhdr Warning: \headheight is too small (16.0pt): 
(fancyhdr)                Make it at least 25.79024pt, for example:
(fancyhdr)                \setlength{\headheight}{25.79024pt}.
(fancyhdr)                You might also make \topmargin smaller:
(fancyhdr)                \addtolength{\topmargin}{-9.79024pt}.

[99]
File: ./Schema/Chatbot.png Graphic file (type bmp)
<./Schema/Chatbot.png>

Underfull \vbox (badness 10000) has occurred while \output is active []




Package fancyhdr Warning: \headheight is too small (16.0pt): 
(fancyhdr)                Make it at least 25.79024pt, for example:
(fancyhdr)                \setlength{\headheight}{25.79024pt}.
(fancyhdr)                You might also make \topmargin smaller:
(fancyhdr)                \addtolength{\topmargin}{-9.79024pt}.

[100]
Underfull \hbox (badness 10000) in paragraph at lines 188--190

 []


Underfull \hbox (badness 10000) in paragraph at lines 191--192

 []


Underfull \hbox (badness 10000) in paragraph at lines 193--194

 []




Package fancyhdr Warning: \headheight is too small (16.0pt): 
(fancyhdr)                Make it at least 25.79024pt, for example:
(fancyhdr)                \setlength{\headheight}{25.79024pt}.
(fancyhdr)                You might also make \topmargin smaller:
(fancyhdr)                \addtolength{\topmargin}{-9.79024pt}.

[101]
Underfull \hbox (badness 10000) in paragraph at lines 197--198

 []


Underfull \hbox (badness 10000) in paragraph at lines 205--206

 []




Package fancyhdr Warning: \headheight is too small (16.0pt): 
(fancyhdr)                Make it at least 25.79024pt, for example:
(fancyhdr)                \setlength{\headheight}{25.79024pt}.
(fancyhdr)                You might also make \topmargin smaller:
(fancyhdr)                \addtolength{\topmargin}{-9.79024pt}.

[102]
Underfull \hbox (badness 10000) in paragraph at lines 221--222

 []




Package fancyhdr Warning: \headheight is too small (16.0pt): 
(fancyhdr)                Make it at least 25.79024pt, for example:
(fancyhdr)                \setlength{\headheight}{25.79024pt}.
(fancyhdr)                You might also make \topmargin smaller:
(fancyhdr)                \addtolength{\topmargin}{-9.79024pt}.

[103])


Package fancyhdr Warning: \headheight is too small (16.0pt): 
(fancyhdr)                Make it at least 25.79024pt, for example:
(fancyhdr)                \setlength{\headheight}{25.79024pt}.
(fancyhdr)                You might also make \topmargin smaller:
(fancyhdr)                \addtolength{\topmargin}{-9.79024pt}.

[104]
Chapitre 6.
(./Chapitres/P3_C2.tex
Underfull \hbox (badness 10000) in paragraph at lines 5--6

 []



[105

]
Underfull \hbox (badness 10000) in paragraph at lines 19--20

 []


Underfull \hbox (badness 10000) in paragraph at lines 21--22

 []




Package fancyhdr Warning: \headheight is too small (16.0pt): 
(fancyhdr)                Make it at least 25.66978pt, for example:
(fancyhdr)                \setlength{\headheight}{25.66978pt}.
(fancyhdr)                You might also make \topmargin smaller:
(fancyhdr)                \addtolength{\topmargin}{-9.66978pt}.

[106]
File: ./Schema/Indexation.png Graphic file (type bmp)
<./Schema/Indexation.png>



Package fancyhdr Warning: \headheight is too small (16.0pt): 
(fancyhdr)                Make it at least 25.66978pt, for example:
(fancyhdr)                \setlength{\headheight}{25.66978pt}.
(fancyhdr)                You might also make \topmargin smaller:
(fancyhdr)                \addtolength{\topmargin}{-9.66978pt}.

[107]


Package fancyhdr Warning: \headheight is too small (16.0pt): 
(fancyhdr)                Make it at least 25.66978pt, for example:
(fancyhdr)                \setlength{\headheight}{25.66978pt}.
(fancyhdr)                You might also make \topmargin smaller:
(fancyhdr)                \addtolength{\topmargin}{-9.66978pt}.

[108]
File: ./Schema/Intégration.png Graphic file (type bmp)
<./Schema/Intégration.png>

Underfull \vbox (badness 1635) has occurred while \output is active []




Package fancyhdr Warning: \headheight is too small (16.0pt): 
(fancyhdr)                Make it at least 25.66978pt, for example:
(fancyhdr)                \setlength{\headheight}{25.66978pt}.
(fancyhdr)                You might also make \topmargin smaller:
(fancyhdr)                \addtolength{\topmargin}{-9.66978pt}.

[109]
Overfull \vbox (33.32849pt too high) has occurred while \output is active []




Package fancyhdr Warning: \headheight is too small (16.0pt): 
(fancyhdr)                Make it at least 25.66978pt, for example:
(fancyhdr)                \setlength{\headheight}{25.66978pt}.
(fancyhdr)                You might also make \topmargin smaller:
(fancyhdr)                \addtolength{\topmargin}{-9.66978pt}.

[110]
Underfull \hbox (badness 10000) in paragraph at lines 78--79

 []


Underfull \hbox (badness 10000) in paragraph at lines 90--91

 []


Overfull \hbox (17.71413pt too wide) in paragraph at lines 96--97
[]\TU/lmr/m/n/12 Pour la première étape, nous utilisons PySceneDetect[][][], FF
mpeg[][][] et le [][]VLM[] \TU/lmr/m/it/12 SmolVLM2-
 []




Package fancyhdr Warning: \headheight is too small (16.0pt): 
(fancyhdr)                Make it at least 25.66978pt, for example:
(fancyhdr)                \setlength{\headheight}{25.66978pt}.
(fancyhdr)                You might also make \topmargin smaller:
(fancyhdr)                \addtolength{\topmargin}{-9.66978pt}.

[111]


Package fancyhdr Warning: \headheight is too small (16.0pt): 
(fancyhdr)                Make it at least 25.66978pt, for example:
(fancyhdr)                \setlength{\headheight}{25.66978pt}.
(fancyhdr)                You might also make \topmargin smaller:
(fancyhdr)                \addtolength{\topmargin}{-9.66978pt}.

[112]
Underfull \hbox (badness 10000) in paragraph at lines 115--116

 []


Underfull \hbox (badness 10000) in paragraph at lines 123--124

 []




Package fancyhdr Warning: \headheight is too small (16.0pt): 
(fancyhdr)                Make it at least 25.66978pt, for example:
(fancyhdr)                \setlength{\headheight}{25.66978pt}.
(fancyhdr)                You might also make \topmargin smaller:
(fancyhdr)                \addtolength{\topmargin}{-9.66978pt}.

[113]
Underfull \hbox (badness 10000) in paragraph at lines 127--128

 []


Underfull \hbox (badness 10000) in paragraph at lines 131--132

 []


Underfull \hbox (badness 10000) in paragraph at lines 133--134

 []


Underfull \vbox (badness 1033) has occurred while \output is active []




Package fancyhdr Warning: \headheight is too small (16.0pt): 
(fancyhdr)                Make it at least 25.66978pt, for example:
(fancyhdr)                \setlength{\headheight}{25.66978pt}.
(fancyhdr)                You might also make \topmargin smaller:
(fancyhdr)                \addtolength{\topmargin}{-9.66978pt}.

[114]
Underfull \hbox (badness 10000) in paragraph at lines 145--146

 []


Underfull \hbox (badness 10000) in paragraph at lines 151--152

 []




Package fancyhdr Warning: \headheight is too small (16.0pt): 
(fancyhdr)                Make it at least 25.66978pt, for example:
(fancyhdr)                \setlength{\headheight}{25.66978pt}.
(fancyhdr)                You might also make \topmargin smaller:
(fancyhdr)                \addtolength{\topmargin}{-9.66978pt}.

[115])
Underfull \hbox (badness 10000) in paragraph at lines 157--380

 []




Package fancyhdr Warning: \headheight is too small (16.0pt): 
(fancyhdr)                Make it at least 25.66978pt, for example:
(fancyhdr)                \setlength{\headheight}{25.66978pt}.
(fancyhdr)                You might also make \topmargin smaller:
(fancyhdr)                \addtolength{\topmargin}{-9.66978pt}.

[116]
Chapitre 7.
(./Chapitres/P3_C3.tex
Underfull \hbox (badness 10000) in paragraph at lines 5--6

 []


Underfull \vbox (badness 10000) has occurred while \output is active []



[117

]
Underfull \hbox (badness 10000) in paragraph at lines 19--20

 []


Package hyperref Warning: Token not allowed in a PDF string (Unicode):
(hyperref)                removing `\gls' on input line 25.



[118]

Package hyperref Warning: Token not allowed in a PDF string (Unicode):
(hyperref)                removing `\glspl' on input line 39.


Underfull \hbox (badness 10000) in paragraph at lines 41--42

 []


Underfull \hbox (badness 10000) in paragraph at lines 49--50

 []



[119]
Underfull \hbox (badness 10000) in paragraph at lines 53--54

 []

)

[120]

[121

]

[122] (./Chapitres/conclusion.tex
Underfull \hbox (badness 10000) in paragraph at lines 11--12

 []



[123]
Underfull \hbox (badness 10000) in paragraph at lines 19--20

 []


Underfull \vbox (badness 1033) has occurred while \output is active []



[124]
Underfull \hbox (badness 10000) in paragraph at lines 31--32

 []


Underfull \vbox (badness 1033) has occurred while \output is active []



[125])

[126]
Annexe A.
(./Chapitres/annexe.tex
Underfull \hbox (badness 10000) in paragraph at lines 3--4

 []


Underfull \hbox (badness 10000) in paragraph at lines 5--6

 []


Underfull \hbox (badness 10000) in paragraph at lines 9--10

 []

)

[127


]

[128

]
runsystem(makeindex document_maitre.idx)...executed safely (allowed).

 (./document_maitre.ind) (./document_maitre.gls

Package hyperref Warning: Token not allowed in a PDF string (Unicode):
(hyperref)                removing `\textfrench' on input line 1.



[129




]

LaTeX Warning: Reference `chatbot' on page 130 undefined on input line 47.


Overfull \hbox (0.77545pt too wide) in paragraph at lines 71--73
[]\TU/lmr/m/n/12 La \TU/lmr/m/it/12 computer vision\TU/lmr/m/n/12 , ou vision p
ar ordinateur en français, est sous-domaine
 []



[130]

[131]

[132]

[133]

[134]

[135]

Package biblatex Warning: Nested notes on input line 310.



[136]

[137]

Package biblatex Warning: Nested notes on input line 413.



[138]
Overfull \hbox (0.1248pt too wide) in paragraph at lines 464--473
\TU/lmr/m/n/12 trimonial permettant de gérer des collections d’objets patrimoni
aux de manière informa-
 []



[139]

Package biblatex Warning: Nested notes on input line 502.



[140]

[141])

[142] (./document_maitre.lof
Overfull \hbox (18.47528pt too wide) in paragraph at lines 15--15
 [][] [][]\TU/lmr/m/n/12 Schéma du modèle WEMI implanté dans la solution S-Movi
es. Source : []\TU/lmr/m/sc/12 Fairbairn[]\TU/lmr/m/n/12 ​ 
 []

)
\tf@lof=\write8
\openout8 = `document_maitre.lof'.



[143

]

[144

] (./document_maitre.toc

[145]

[146])
\tf@toc=\write9
\openout9 = `document_maitre.toc'.



[147] (./document_maitre.aux)
 ***********
LaTeX2e <2025-06-01> patch level 1
L3 programming layer <2025-09-02>
 ***********


LaTeX Warning: There were undefined references.

Package logreq Info: Writing requests to 'document_maitre.run.xml'.
\openout1 = `document_maitre.run.xml'.

 ) 
Here is how much of TeX's memory you used:
 50010 strings out of 468389
 1043774 string characters out of 5440619
 2044035 words of memory out of 5000000
 77813 multiletter control sequences out of 15000+600000
 633389 words of font info for 97 fonts, out of 8000000 for 9000
 1348 hyphenation exceptions out of 8191
 84i,13n,117p,3045b,6654s stack positions out of 10000i,1000n,20000p,200000b,200000s

Output written on document_maitre.pdf (169 pages).
